v ATLAS
# This file was created by ATLAS version 5.28.1.R on Sun Dec 15 23:09:17 2024.
#SSF 2.0 generic
##############################################################################
#                    Copyright (c) 1984 - 2019                               #
#                    Silvaco Inc. All rights reserved                        #
#                                                                            #
# This file format and the following Key are copyright Silvaco Inc.          #
# You may not use, this format or key without reproducing this message in    #
# full and obtaining express written permission from Silvaco Inc.            #
#                                                                            #
# To obtain such permission please contact: Silvaco Inc.                     #
#                                           support@silvaco.com              #
#                                                                            #
# KEY=SVC86hn7562asdx                       PROD=345                         #
##############################################################################
y 3 700 711 15
z 0.01 0.0008 300
f 5 "gate" "well" "drain" "source" "bulk" 
p 15 2 601 20 3 602 21 4 603 22 5 604 23 6 605 24 
d 1.200000000e+000 1.200000000e+000 0.000000000e+000 1.200000000e+000 1.200000000e+000 0.000000000e+000 1.125000000e+000 1.125000000e+000 5.585959171e-004 0.000000000e+000 0.000000000e+000 -5.585959171e-004 6.000000000e-001 6.000000000e-001 0.000000000e+000 
d 1.200000000e+000 1.200000000e+000 0.000000000e+000 1.200000000e+000 1.200000000e+000 0.000000000e+000 1.050000000e+000 1.050000000e+000 5.505299606e-004 0.000000000e+000 0.000000000e+000 -5.505299606e-004 6.000000000e-001 6.000000000e-001 0.000000000e+000 
d 1.200000000e+000 1.200000000e+000 0.000000000e+000 1.200000000e+000 1.200000000e+000 0.000000000e+000 9.000000000e-001 9.000000000e-001 5.295520036e-004 0.000000000e+000 0.000000000e+000 -5.295520036e-004 6.000000000e-001 6.000000000e-001 0.000000000e+000 
d 1.200000000e+000 1.200000000e+000 0.000000000e+000 1.200000000e+000 1.200000000e+000 0.000000000e+000 7.500000000e-001 7.500000000e-001 4.960154403e-004 0.000000000e+000 0.000000000e+000 -4.960154403e-004 6.000000000e-001 6.000000000e-001 0.000000000e+000 
d 1.200000000e+000 1.200000000e+000 0.000000000e+000 1.200000000e+000 1.200000000e+000 0.000000000e+000 6.750000000e-001 6.750000000e-001 4.746739469e-004 0.000000000e+000 0.000000000e+000 -4.746739469e-004 6.000000000e-001 6.000000000e-001 0.000000000e+000 
d 1.200000000e+000 1.200000000e+000 0.000000000e+000 1.200000000e+000 1.200000000e+000 0.000000000e+000 6.000000000e-001 6.000000000e-001 4.522750337e-004 0.000000000e+000 0.000000000e+000 -4.522750337e-004 6.000000000e-001 6.000000000e-001 0.000000000e+000 
d 1.200000000e+000 1.200000000e+000 0.000000000e+000 1.200000000e+000 1.200000000e+000 0.000000000e+000 4.500000000e-001 4.500000000e-001 3.800437277e-004 0.000000000e+000 0.000000000e+000 -3.800437277e-004 6.000000000e-001 6.000000000e-001 0.000000000e+000 
d 1.200000000e+000 1.200000000e+000 0.000000000e+000 1.200000000e+000 1.200000000e+000 0.000000000e+000 3.000000000e-001 3.000000000e-001 2.887428532e-004 0.000000000e+000 0.000000000e+000 -2.887428532e-004 6.000000000e-001 6.000000000e-001 0.000000000e+000 
d 1.200000000e+000 1.200000000e+000 0.000000000e+000 1.200000000e+000 1.200000000e+000 0.000000000e+000 1.500000000e-001 1.500000000e-001 1.682821764e-004 0.000000000e+000 0.000000000e+000 -1.682821764e-004 6.000000000e-001 6.000000000e-001 0.000000000e+000 
d 1.200000000e+000 1.200000000e+000 0.000000000e+000 1.200000000e+000 1.200000000e+000 0.000000000e+000 0.000000000e+000 0.000000000e+000 -3.289648252e-017 0.000000000e+000 0.000000000e+000 -6.647138039e-017 6.000000000e-001 6.000000000e-001 0.000000000e+000 
d 1.200000000e+000 1.200000000e+000 0.000000000e+000 1.200000000e+000 1.200000000e+000 0.000000000e+000 0.000000000e+000 0.000000000e+000 1.738788129e-017 0.000000000e+000 0.000000000e+000 -5.430496630e-017 6.000000000e-001 6.000000000e-001 0.000000000e+000 
d 1.200000000e+000 1.200000000e+000 0.000000000e+000 1.200000000e+000 1.200000000e+000 0.000000000e+000 0.000000000e+000 0.000000000e+000 2.088637804e-017 0.000000000e+000 0.000000000e+000 -8.307618589e-017 6.000000000e-001 6.000000000e-001 0.000000000e+000 
d 1.200000000e+000 1.200000000e+000 0.000000000e+000 6.000000000e-001 6.000000000e-001 0.000000000e+000 0.000000000e+000 0.000000000e+000 4.908168978e-018 0.000000000e+000 0.000000000e+000 1.116386559e-016 6.000000000e-001 6.000000000e-001 0.000000000e+000 
d 1.200000000e+000 1.200000000e+000 0.000000000e+000 0.000000000e+000 0.000000000e+000 0.000000000e+000 0.000000000e+000 0.000000000e+000 5.430332666e-018 0.000000000e+000 0.000000000e+000 -5.795959077e-018 6.000000000e-001 6.000000000e-001 0.000000000e+000 
d 0.000000000e+000 0.000000000e+000 0.000000000e+000 0.000000000e+000 0.000000000e+000 0.000000000e+000 0.000000000e+000 0.000000000e+000 6.735741913e-018 0.000000000e+000 0.000000000e+000 -6.918663165e-017 6.000000000e-001 6.000000000e-001 0.000000000e+000 
d 0.000000000e+000 0.000000000e+000 0.000000000e+000 0.000000000e+000 0.000000000e+000 0.000000000e+000 0.000000000e+000 0.000000000e+000 -8.354788867e-018 0.000000000e+000 0.000000000e+000 -3.221744206e-017 6.000000000e-001 6.000000000e-001 0.000000000e+000 
d 0.000000000e+000 0.000000000e+000 0.000000000e+000 0.000000000e+000 0.000000000e+000 0.000000000e+000 1.000000000e-002 1.000000000e-002 1.459014114e-014 0.000000000e+000 0.000000000e+000 -1.453698499e-014 6.000000000e-001 6.000000000e-001 0.000000000e+000 
d 0.000000000e+000 0.000000000e+000 0.000000000e+000 0.000000000e+000 0.000000000e+000 0.000000000e+000 2.000000000e-002 2.000000000e-002 2.917511303e-014 0.000000000e+000 0.000000000e+000 -2.923839938e-014 6.000000000e-001 6.000000000e-001 0.000000000e+000 
d 0.000000000e+000 0.000000000e+000 0.000000000e+000 0.000000000e+000 0.000000000e+000 0.000000000e+000 3.000000000e-002 3.000000000e-002 4.513765718e-014 0.000000000e+000 0.000000000e+000 -4.523566742e-014 6.000000000e-001 6.000000000e-001 0.000000000e+000 
d 0.000000000e+000 0.000000000e+000 0.000000000e+000 0.000000000e+000 0.000000000e+000 0.000000000e+000 4.000000000e-002 4.000000000e-002 6.397001300e-014 0.000000000e+000 0.000000000e+000 -6.388124528e-014 6.000000000e-001 6.000000000e-001 0.000000000e+000 
d 0.000000000e+000 0.000000000e+000 0.000000000e+000 0.000000000e+000 0.000000000e+000 0.000000000e+000 5.000000000e-002 5.000000000e-002 8.733234773e-014 0.000000000e+000 0.000000000e+000 -8.729094026e-014 6.000000000e-001 6.000000000e-001 0.000000000e+000 
d 0.000000000e+000 0.000000000e+000 0.000000000e+000 0.000000000e+000 0.000000000e+000 0.000000000e+000 6.000000000e-002 6.000000000e-002 1.172849105e-013 0.000000000e+000 0.000000000e+000 -1.173130552e-013 6.000000000e-001 6.000000000e-001 0.000000000e+000 
d 0.000000000e+000 0.000000000e+000 0.000000000e+000 0.000000000e+000 0.000000000e+000 0.000000000e+000 7.000000000e-002 7.000000000e-002 1.552978531e-013 0.000000000e+000 0.000000000e+000 -1.553279820e-013 6.000000000e-001 6.000000000e-001 0.000000000e+000 
d 0.000000000e+000 0.000000000e+000 0.000000000e+000 0.000000000e+000 0.000000000e+000 0.000000000e+000 8.000000000e-002 8.000000000e-002 2.053651534e-013 0.000000000e+000 0.000000000e+000 -2.054314683e-013 6.000000000e-001 6.000000000e-001 0.000000000e+000 
d 0.000000000e+000 0.000000000e+000 0.000000000e+000 0.000000000e+000 0.000000000e+000 0.000000000e+000 9.000000000e-002 9.000000000e-002 2.718621778e-013 0.000000000e+000 0.000000000e+000 -2.719508413e-013 6.000000000e-001 6.000000000e-001 0.000000000e+000 
d 0.000000000e+000 0.000000000e+000 0.000000000e+000 0.000000000e+000 0.000000000e+000 0.000000000e+000 1.000000000e-001 1.000000000e-001 3.607338643e-013 0.000000000e+000 0.000000000e+000 -3.607798148e-013 6.000000000e-001 6.000000000e-001 0.000000000e+000 
d 0.000000000e+000 0.000000000e+000 0.000000000e+000 0.000000000e+000 0.000000000e+000 0.000000000e+000 1.100000000e-001 1.100000000e-001 4.798731348e-013 0.000000000e+000 0.000000000e+000 -4.798627961e-013 6.000000000e-001 6.000000000e-001 0.000000000e+000 
d 0.000000000e+000 0.000000000e+000 0.000000000e+000 0.000000000e+000 0.000000000e+000 0.000000000e+000 1.200000000e-001 1.200000000e-001 6.400176070e-013 0.000000000e+000 0.000000000e+000 -6.399531721e-013 6.000000000e-001 6.000000000e-001 0.000000000e+000 
d 0.000000000e+000 0.000000000e+000 0.000000000e+000 0.000000000e+000 0.000000000e+000 0.000000000e+000 1.300000000e-001 1.300000000e-001 8.556729883e-013 0.000000000e+000 0.000000000e+000 -8.556764870e-013 6.000000000e-001 6.000000000e-001 0.000000000e+000 
d 0.000000000e+000 0.000000000e+000 0.000000000e+000 0.000000000e+000 0.000000000e+000 0.000000000e+000 1.400000000e-001 1.400000000e-001 1.146516078e-012 0.000000000e+000 0.000000000e+000 -1.146564952e-012 6.000000000e-001 6.000000000e-001 0.000000000e+000 
d 0.000000000e+000 0.000000000e+000 0.000000000e+000 0.000000000e+000 0.000000000e+000 0.000000000e+000 1.500000000e-001 1.500000000e-001 1.539160984e-012 0.000000000e+000 0.000000000e+000 -1.539144745e-012 6.000000000e-001 6.000000000e-001 0.000000000e+000 
d 0.000000000e+000 0.000000000e+000 0.000000000e+000 0.000000000e+000 0.000000000e+000 0.000000000e+000 1.600000000e-001 1.600000000e-001 2.069762897e-012 0.000000000e+000 0.000000000e+000 -2.069804774e-012 6.000000000e-001 6.000000000e-001 0.000000000e+000 
d 0.000000000e+000 0.000000000e+000 0.000000000e+000 0.000000000e+000 0.000000000e+000 0.000000000e+000 1.700000000e-001 1.700000000e-001 2.787325050e-012 0.000000000e+000 0.000000000e+000 -2.787389067e-012 6.000000000e-001 6.000000000e-001 0.000000000e+000 
d 0.000000000e+000 0.000000000e+000 0.000000000e+000 0.000000000e+000 0.000000000e+000 0.000000000e+000 1.800000000e-001 1.800000000e-001 3.758549679e-012 0.000000000e+000 0.000000000e+000 -3.758414491e-012 6.000000000e-001 6.000000000e-001 0.000000000e+000 
d 0.000000000e+000 0.000000000e+000 0.000000000e+000 0.000000000e+000 0.000000000e+000 0.000000000e+000 1.900000000e-001 1.900000000e-001 5.073840655e-012 0.000000000e+000 0.000000000e+000 -5.073754811e-012 6.000000000e-001 6.000000000e-001 0.000000000e+000 
d 0.000000000e+000 0.000000000e+000 0.000000000e+000 0.000000000e+000 0.000000000e+000 0.000000000e+000 2.000000000e-001 2.000000000e-001 6.856305379e-012 0.000000000e+000 0.000000000e+000 -6.856369449e-012 6.000000000e-001 6.000000000e-001 0.000000000e+000 
d 0.000000000e+000 0.000000000e+000 0.000000000e+000 0.000000000e+000 0.000000000e+000 0.000000000e+000 2.100000000e-001 2.100000000e-001 9.273164321e-012 0.000000000e+000 0.000000000e+000 -9.273254656e-012 6.000000000e-001 6.000000000e-001 0.000000000e+000 
d 0.000000000e+000 0.000000000e+000 0.000000000e+000 0.000000000e+000 0.000000000e+000 0.000000000e+000 2.200000000e-001 2.200000000e-001 1.255197506e-011 0.000000000e+000 0.000000000e+000 -1.255200639e-011 6.000000000e-001 6.000000000e-001 0.000000000e+000 
d 0.000000000e+000 0.000000000e+000 0.000000000e+000 0.000000000e+000 0.000000000e+000 0.000000000e+000 2.300000000e-001 2.300000000e-001 1.700239305e-011 0.000000000e+000 0.000000000e+000 -1.700239618e-011 6.000000000e-001 6.000000000e-001 0.000000000e+000 
d 0.000000000e+000 0.000000000e+000 0.000000000e+000 0.000000000e+000 0.000000000e+000 0.000000000e+000 2.400000000e-001 2.400000000e-001 2.304593158e-011 0.000000000e+000 0.000000000e+000 -2.304597695e-011 6.000000000e-001 6.000000000e-001 0.000000000e+000 
d 0.000000000e+000 0.000000000e+000 0.000000000e+000 0.000000000e+000 0.000000000e+000 0.000000000e+000 2.500000000e-001 2.500000000e-001 3.125657627e-011 0.000000000e+000 0.000000000e+000 -3.125654520e-011 6.000000000e-001 6.000000000e-001 0.000000000e+000 
d 0.000000000e+000 0.000000000e+000 0.000000000e+000 0.000000000e+000 0.000000000e+000 0.000000000e+000 2.600000000e-001 2.600000000e-001 4.241590269e-011 0.000000000e+000 0.000000000e+000 -4.241597836e-011 6.000000000e-001 6.000000000e-001 0.000000000e+000 
d 0.000000000e+000 0.000000000e+000 0.000000000e+000 0.000000000e+000 0.000000000e+000 0.000000000e+000 2.700000000e-001 2.700000000e-001 5.758935928e-011 0.000000000e+000 0.000000000e+000 -5.758947014e-011 6.000000000e-001 6.000000000e-001 0.000000000e+000 
d 0.000000000e+000 0.000000000e+000 0.000000000e+000 0.000000000e+000 0.000000000e+000 0.000000000e+000 2.800000000e-001 2.800000000e-001 7.794200691e-011 0.000000000e+000 0.000000000e+000 -7.794200237e-011 6.000000000e-001 6.000000000e-001 0.000000000e+000 
d 0.000000000e+000 0.000000000e+000 0.000000000e+000 0.000000000e+000 0.000000000e+000 0.000000000e+000 2.900000000e-001 2.900000000e-001 1.046198713e-010 0.000000000e+000 0.000000000e+000 -1.046199897e-010 6.000000000e-001 6.000000000e-001 0.000000000e+000 
d 0.000000000e+000 0.000000000e+000 0.000000000e+000 0.000000000e+000 0.000000000e+000 0.000000000e+000 3.000000000e-001 3.000000000e-001 1.406705712e-010 0.000000000e+000 0.000000000e+000 -1.406705883e-010 6.000000000e-001 6.000000000e-001 0.000000000e+000 
d 0.000000000e+000 0.000000000e+000 0.000000000e+000 0.000000000e+000 0.000000000e+000 0.000000000e+000 3.100000000e-001 3.100000000e-001 1.894404000e-010 0.000000000e+000 0.000000000e+000 -1.894404074e-010 6.000000000e-001 6.000000000e-001 0.000000000e+000 
d 0.000000000e+000 0.000000000e+000 0.000000000e+000 0.000000000e+000 0.000000000e+000 0.000000000e+000 3.200000000e-001 3.200000000e-001 2.554826730e-010 0.000000000e+000 0.000000000e+000 -2.554826218e-010 6.000000000e-001 6.000000000e-001 0.000000000e+000 
d 0.000000000e+000 0.000000000e+000 0.000000000e+000 0.000000000e+000 0.000000000e+000 0.000000000e+000 3.300000000e-001 3.300000000e-001 3.449960538e-010 0.000000000e+000 0.000000000e+000 -3.449960425e-010 6.000000000e-001 6.000000000e-001 0.000000000e+000 
d 0.000000000e+000 0.000000000e+000 0.000000000e+000 0.000000000e+000 0.000000000e+000 0.000000000e+000 3.400000000e-001 3.400000000e-001 4.664215725e-010 0.000000000e+000 0.000000000e+000 -4.664215575e-010 6.000000000e-001 6.000000000e-001 0.000000000e+000 
d 0.000000000e+000 0.000000000e+000 0.000000000e+000 0.000000000e+000 0.000000000e+000 0.000000000e+000 3.500000000e-001 3.500000000e-001 6.312577189e-010 0.000000000e+000 0.000000000e+000 -6.312577279e-010 6.000000000e-001 6.000000000e-001 0.000000000e+000 
d 0.000000000e+000 0.000000000e+000 0.000000000e+000 0.000000000e+000 0.000000000e+000 0.000000000e+000 3.600000000e-001 3.600000000e-001 8.551709264e-010 0.000000000e+000 0.000000000e+000 -8.551709776e-010 6.000000000e-001 6.000000000e-001 0.000000000e+000 
d 0.000000000e+000 0.000000000e+000 0.000000000e+000 0.000000000e+000 0.000000000e+000 0.000000000e+000 3.700000000e-001 3.700000000e-001 1.159510169e-009 0.000000000e+000 0.000000000e+000 -1.159510125e-009 6.000000000e-001 6.000000000e-001 0.000000000e+000 
d 0.000000000e+000 0.000000000e+000 0.000000000e+000 0.000000000e+000 0.000000000e+000 0.000000000e+000 3.800000000e-001 3.800000000e-001 1.561297576e-009 0.000000000e+000 0.000000000e+000 -1.561297508e-009 6.000000000e-001 6.000000000e-001 0.000000000e+000 
d 0.000000000e+000 0.000000000e+000 0.000000000e+000 0.000000000e+000 0.000000000e+000 0.000000000e+000 3.900000000e-001 3.900000000e-001 2.077184770e-009 0.000000000e+000 0.000000000e+000 -2.077184801e-009 6.000000000e-001 6.000000000e-001 0.000000000e+000 
d 0.000000000e+000 0.000000000e+000 0.000000000e+000 0.000000000e+000 0.000000000e+000 0.000000000e+000 4.000000000e-001 4.000000000e-001 2.764083002e-009 0.000000000e+000 0.000000000e+000 -2.764082994e-009 6.000000000e-001 6.000000000e-001 0.000000000e+000 
d 0.000000000e+000 0.000000000e+000 0.000000000e+000 0.000000000e+000 0.000000000e+000 0.000000000e+000 4.100000000e-001 4.100000000e-001 3.678754324e-009 0.000000000e+000 0.000000000e+000 -3.678754337e-009 6.000000000e-001 6.000000000e-001 0.000000000e+000 
d 0.000000000e+000 0.000000000e+000 0.000000000e+000 0.000000000e+000 0.000000000e+000 0.000000000e+000 4.200000000e-001 4.200000000e-001 4.896778498e-009 0.000000000e+000 0.000000000e+000 -4.896778560e-009 6.000000000e-001 6.000000000e-001 0.000000000e+000 
d 0.000000000e+000 0.000000000e+000 0.000000000e+000 0.000000000e+000 0.000000000e+000 0.000000000e+000 4.300000000e-001 4.300000000e-001 6.518759456e-009 0.000000000e+000 0.000000000e+000 -6.518759524e-009 6.000000000e-001 6.000000000e-001 0.000000000e+000 
d 0.000000000e+000 0.000000000e+000 0.000000000e+000 0.000000000e+000 0.000000000e+000 0.000000000e+000 4.400000000e-001 4.400000000e-001 8.678558354e-009 0.000000000e+000 0.000000000e+000 -8.678558366e-009 6.000000000e-001 6.000000000e-001 0.000000000e+000 
d 0.000000000e+000 0.000000000e+000 0.000000000e+000 0.000000000e+000 0.000000000e+000 0.000000000e+000 4.500000000e-001 4.500000000e-001 1.155418908e-008 0.000000000e+000 0.000000000e+000 -1.155418911e-008 6.000000000e-001 6.000000000e-001 0.000000000e+000 
d 0.000000000e+000 0.000000000e+000 0.000000000e+000 0.000000000e+000 0.000000000e+000 0.000000000e+000 4.600000000e-001 4.600000000e-001 1.538221467e-008 0.000000000e+000 0.000000000e+000 -1.538221461e-008 6.000000000e-001 6.000000000e-001 0.000000000e+000 
d 0.000000000e+000 0.000000000e+000 0.000000000e+000 0.000000000e+000 0.000000000e+000 0.000000000e+000 4.700000000e-001 4.700000000e-001 2.047675654e-008 0.000000000e+000 0.000000000e+000 -2.047675661e-008 6.000000000e-001 6.000000000e-001 0.000000000e+000 
d 0.000000000e+000 0.000000000e+000 0.000000000e+000 0.000000000e+000 0.000000000e+000 0.000000000e+000 4.800000000e-001 4.800000000e-001 2.725443592e-008 0.000000000e+000 0.000000000e+000 -2.725443603e-008 6.000000000e-001 6.000000000e-001 0.000000000e+000 
d 0.000000000e+000 0.000000000e+000 0.000000000e+000 0.000000000e+000 0.000000000e+000 0.000000000e+000 4.900000000e-001 4.900000000e-001 3.626712667e-008 0.000000000e+000 0.000000000e+000 -3.626712660e-008 6.000000000e-001 6.000000000e-001 0.000000000e+000 
d 0.000000000e+000 0.000000000e+000 0.000000000e+000 0.000000000e+000 0.000000000e+000 0.000000000e+000 5.000000000e-001 5.000000000e-001 4.824459953e-008 0.000000000e+000 0.000000000e+000 -4.824459954e-008 6.000000000e-001 6.000000000e-001 0.000000000e+000 
d 0.000000000e+000 0.000000000e+000 0.000000000e+000 0.000000000e+000 0.000000000e+000 0.000000000e+000 5.100000000e-001 5.100000000e-001 6.414992194e-008 0.000000000e+000 0.000000000e+000 -6.414992194e-008 6.000000000e-001 6.000000000e-001 0.000000000e+000 
d 0.000000000e+000 0.000000000e+000 0.000000000e+000 0.000000000e+000 0.000000000e+000 0.000000000e+000 5.200000000e-001 5.200000000e-001 8.525113453e-008 0.000000000e+000 0.000000000e+000 -8.525113452e-008 6.000000000e-001 6.000000000e-001 0.000000000e+000 
d 0.000000000e+000 0.000000000e+000 0.000000000e+000 0.000000000e+000 0.000000000e+000 0.000000000e+000 5.300000000e-001 5.300000000e-001 1.132126007e-007 0.000000000e+000 0.000000000e+000 -1.132126008e-007 6.000000000e-001 6.000000000e-001 0.000000000e+000 
d 0.000000000e+000 0.000000000e+000 0.000000000e+000 0.000000000e+000 0.000000000e+000 0.000000000e+000 5.400000000e-001 5.400000000e-001 1.501634758e-007 0.000000000e+000 0.000000000e+000 -1.501634757e-007 6.000000000e-001 6.000000000e-001 0.000000000e+000 
d 0.000000000e+000 0.000000000e+000 0.000000000e+000 0.000000000e+000 0.000000000e+000 0.000000000e+000 5.500000000e-001 5.500000000e-001 1.988515261e-007 0.000000000e+000 0.000000000e+000 -1.988515260e-007 6.000000000e-001 6.000000000e-001 0.000000000e+000 
d 0.000000000e+000 0.000000000e+000 0.000000000e+000 0.000000000e+000 0.000000000e+000 0.000000000e+000 5.600000000e-001 5.600000000e-001 2.629906308e-007 0.000000000e+000 0.000000000e+000 -2.629906308e-007 6.000000000e-001 6.000000000e-001 0.000000000e+000 
d 0.000000000e+000 0.000000000e+000 0.000000000e+000 0.000000000e+000 0.000000000e+000 0.000000000e+000 5.700000000e-001 5.700000000e-001 3.472543296e-007 0.000000000e+000 0.000000000e+000 -3.472543296e-007 6.000000000e-001 6.000000000e-001 0.000000000e+000 
d 0.000000000e+000 0.000000000e+000 0.000000000e+000 0.000000000e+000 0.000000000e+000 0.000000000e+000 5.800000000e-001 5.800000000e-001 4.575961672e-007 0.000000000e+000 0.000000000e+000 -4.575961673e-007 6.000000000e-001 6.000000000e-001 0.000000000e+000 
d 0.000000000e+000 0.000000000e+000 0.000000000e+000 0.000000000e+000 0.000000000e+000 0.000000000e+000 5.900000000e-001 5.900000000e-001 6.015263953e-007 0.000000000e+000 0.000000000e+000 -6.015263953e-007 6.000000000e-001 6.000000000e-001 0.000000000e+000 
d 0.000000000e+000 0.000000000e+000 0.000000000e+000 0.000000000e+000 0.000000000e+000 0.000000000e+000 6.000000000e-001 6.000000000e-001 7.884102543e-007 0.000000000e+000 0.000000000e+000 -7.884102543e-007 6.000000000e-001 6.000000000e-001 0.000000000e+000 
d 0.000000000e+000 0.000000000e+000 0.000000000e+000 0.000000000e+000 0.000000000e+000 0.000000000e+000 6.100000000e-001 6.100000000e-001 1.029769395e-006 0.000000000e+000 0.000000000e+000 -1.029769395e-006 6.000000000e-001 6.000000000e-001 0.000000000e+000 
d 0.000000000e+000 0.000000000e+000 0.000000000e+000 0.000000000e+000 0.000000000e+000 0.000000000e+000 6.200000000e-001 6.200000000e-001 1.339557822e-006 0.000000000e+000 0.000000000e+000 -1.339557822e-006 6.000000000e-001 6.000000000e-001 0.000000000e+000 
d 0.000000000e+000 0.000000000e+000 0.000000000e+000 0.000000000e+000 0.000000000e+000 0.000000000e+000 6.300000000e-001 6.300000000e-001 1.734373220e-006 0.000000000e+000 0.000000000e+000 -1.734373220e-006 6.000000000e-001 6.000000000e-001 0.000000000e+000 
d 0.000000000e+000 0.000000000e+000 0.000000000e+000 0.000000000e+000 0.000000000e+000 0.000000000e+000 6.400000000e-001 6.400000000e-001 2.233556198e-006 0.000000000e+000 0.000000000e+000 -2.233556198e-006 6.000000000e-001 6.000000000e-001 0.000000000e+000 
d 0.000000000e+000 0.000000000e+000 0.000000000e+000 0.000000000e+000 0.000000000e+000 0.000000000e+000 6.500000000e-001 6.500000000e-001 2.859127604e-006 0.000000000e+000 0.000000000e+000 -2.859127604e-006 6.000000000e-001 6.000000000e-001 0.000000000e+000 
d 0.000000000e+000 0.000000000e+000 0.000000000e+000 0.000000000e+000 0.000000000e+000 0.000000000e+000 6.600000000e-001 6.600000000e-001 3.635521547e-006 0.000000000e+000 0.000000000e+000 -3.635521547e-006 6.000000000e-001 6.000000000e-001 0.000000000e+000 
d 0.000000000e+000 0.000000000e+000 0.000000000e+000 0.000000000e+000 0.000000000e+000 0.000000000e+000 6.700000000e-001 6.700000000e-001 4.589092191e-006 0.000000000e+000 0.000000000e+000 -4.589092191e-006 6.000000000e-001 6.000000000e-001 0.000000000e+000 
d 0.000000000e+000 0.000000000e+000 0.000000000e+000 0.000000000e+000 0.000000000e+000 0.000000000e+000 6.800000000e-001 6.800000000e-001 5.746819826e-006 0.000000000e+000 0.000000000e+000 -5.746819826e-006 6.000000000e-001 6.000000000e-001 0.000000000e+000 
d 0.000000000e+000 0.000000000e+000 0.000000000e+000 0.000000000e+000 0.000000000e+000 0.000000000e+000 6.900000000e-001 6.900000000e-001 7.136827570e-006 0.000000000e+000 0.000000000e+000 -7.136827570e-006 6.000000000e-001 6.000000000e-001 0.000000000e+000 
d 0.000000000e+000 0.000000000e+000 0.000000000e+000 0.000000000e+000 0.000000000e+000 0.000000000e+000 7.000000000e-001 7.000000000e-001 8.786290215e-006 0.000000000e+000 0.000000000e+000 -8.786290215e-006 6.000000000e-001 6.000000000e-001 0.000000000e+000 
d 0.000000000e+000 0.000000000e+000 0.000000000e+000 0.000000000e+000 0.000000000e+000 0.000000000e+000 7.100000000e-001 7.100000000e-001 1.072076081e-005 0.000000000e+000 0.000000000e+000 -1.072076081e-005 6.000000000e-001 6.000000000e-001 0.000000000e+000 
d 0.000000000e+000 0.000000000e+000 0.000000000e+000 0.000000000e+000 0.000000000e+000 0.000000000e+000 7.200000000e-001 7.200000000e-001 1.296338757e-005 0.000000000e+000 0.000000000e+000 -1.296338757e-005 6.000000000e-001 6.000000000e-001 0.000000000e+000 
d 0.000000000e+000 0.000000000e+000 0.000000000e+000 0.000000000e+000 0.000000000e+000 0.000000000e+000 7.300000000e-001 7.300000000e-001 1.553432868e-005 0.000000000e+000 0.000000000e+000 -1.553432868e-005 6.000000000e-001 6.000000000e-001 0.000000000e+000 
d 0.000000000e+000 0.000000000e+000 0.000000000e+000 0.000000000e+000 0.000000000e+000 0.000000000e+000 7.400000000e-001 7.400000000e-001 1.845041106e-005 0.000000000e+000 0.000000000e+000 -1.845041106e-005 6.000000000e-001 6.000000000e-001 0.000000000e+000 
d 0.000000000e+000 0.000000000e+000 0.000000000e+000 0.000000000e+000 0.000000000e+000 0.000000000e+000 7.500000000e-001 7.500000000e-001 2.172507674e-005 0.000000000e+000 0.000000000e+000 -2.172507674e-005 6.000000000e-001 6.000000000e-001 0.000000000e+000 
d 0.000000000e+000 0.000000000e+000 0.000000000e+000 0.000000000e+000 0.000000000e+000 0.000000000e+000 7.600000000e-001 7.600000000e-001 2.536845031e-005 0.000000000e+000 0.000000000e+000 -2.536845031e-005 6.000000000e-001 6.000000000e-001 0.000000000e+000 
d 0.000000000e+000 0.000000000e+000 0.000000000e+000 0.000000000e+000 0.000000000e+000 0.000000000e+000 7.700000000e-001 7.700000000e-001 2.938775375e-005 0.000000000e+000 0.000000000e+000 -2.938775375e-005 6.000000000e-001 6.000000000e-001 0.000000000e+000 
d 0.000000000e+000 0.000000000e+000 0.000000000e+000 0.000000000e+000 0.000000000e+000 0.000000000e+000 7.800000000e-001 7.800000000e-001 3.378754188e-005 0.000000000e+000 0.000000000e+000 -3.378754188e-005 6.000000000e-001 6.000000000e-001 0.000000000e+000 
d 0.000000000e+000 0.000000000e+000 0.000000000e+000 0.000000000e+000 0.000000000e+000 0.000000000e+000 7.900000000e-001 7.900000000e-001 3.857019129e-005 0.000000000e+000 0.000000000e+000 -3.857019129e-005 6.000000000e-001 6.000000000e-001 0.000000000e+000 
d 0.000000000e+000 0.000000000e+000 0.000000000e+000 0.000000000e+000 0.000000000e+000 0.000000000e+000 8.000000000e-001 8.000000000e-001 4.373637726e-005 0.000000000e+000 0.000000000e+000 -4.373637726e-005 6.000000000e-001 6.000000000e-001 0.000000000e+000 
d 0.000000000e+000 0.000000000e+000 0.000000000e+000 0.000000000e+000 0.000000000e+000 0.000000000e+000 8.100000000e-001 8.100000000e-001 4.928544323e-005 0.000000000e+000 0.000000000e+000 -4.928544323e-005 6.000000000e-001 6.000000000e-001 0.000000000e+000 
d 0.000000000e+000 0.000000000e+000 0.000000000e+000 0.000000000e+000 0.000000000e+000 0.000000000e+000 8.200000000e-001 8.200000000e-001 5.521575753e-005 0.000000000e+000 0.000000000e+000 -5.521575753e-005 6.000000000e-001 6.000000000e-001 0.000000000e+000 
d 0.000000000e+000 0.000000000e+000 0.000000000e+000 0.000000000e+000 0.000000000e+000 0.000000000e+000 8.300000000e-001 8.300000000e-001 6.152507624e-005 0.000000000e+000 0.000000000e+000 -6.152507624e-005 6.000000000e-001 6.000000000e-001 0.000000000e+000 
d 0.000000000e+000 0.000000000e+000 0.000000000e+000 0.000000000e+000 0.000000000e+000 0.000000000e+000 8.400000000e-001 8.400000000e-001 6.821074333e-005 0.000000000e+000 0.000000000e+000 -6.821074333e-005 6.000000000e-001 6.000000000e-001 0.000000000e+000 
d 0.000000000e+000 0.000000000e+000 0.000000000e+000 0.000000000e+000 0.000000000e+000 0.000000000e+000 8.500000000e-001 8.500000000e-001 7.526958481e-005 0.000000000e+000 0.000000000e+000 -7.526958481e-005 6.000000000e-001 6.000000000e-001 0.000000000e+000 
d 0.000000000e+000 0.000000000e+000 0.000000000e+000 0.000000000e+000 0.000000000e+000 0.000000000e+000 8.600000000e-001 8.600000000e-001 8.269838508e-005 0.000000000e+000 0.000000000e+000 -8.269838508e-005 6.000000000e-001 6.000000000e-001 0.000000000e+000 
d 0.000000000e+000 0.000000000e+000 0.000000000e+000 0.000000000e+000 0.000000000e+000 0.000000000e+000 8.700000000e-001 8.700000000e-001 9.049385719e-005 0.000000000e+000 0.000000000e+000 -9.049385719e-005 6.000000000e-001 6.000000000e-001 0.000000000e+000 
d 0.000000000e+000 0.000000000e+000 0.000000000e+000 0.000000000e+000 0.000000000e+000 0.000000000e+000 8.800000000e-001 8.800000000e-001 9.865261380e-005 0.000000000e+000 0.000000000e+000 -9.865261380e-005 6.000000000e-001 6.000000000e-001 0.000000000e+000 
d 0.000000000e+000 0.000000000e+000 0.000000000e+000 0.000000000e+000 0.000000000e+000 0.000000000e+000 8.900000000e-001 8.900000000e-001 1.071713380e-004 0.000000000e+000 0.000000000e+000 -1.071713380e-004 6.000000000e-001 6.000000000e-001 0.000000000e+000 
d 0.000000000e+000 0.000000000e+000 0.000000000e+000 0.000000000e+000 0.000000000e+000 0.000000000e+000 9.000000000e-001 9.000000000e-001 1.160476644e-004 0.000000000e+000 0.000000000e+000 -1.160476644e-004 6.000000000e-001 6.000000000e-001 0.000000000e+000 
d 0.000000000e+000 0.000000000e+000 0.000000000e+000 0.000000000e+000 0.000000000e+000 0.000000000e+000 9.100000000e-001 9.100000000e-001 1.252776489e-004 0.000000000e+000 0.000000000e+000 -1.252776489e-004 6.000000000e-001 6.000000000e-001 0.000000000e+000 
d 0.000000000e+000 0.000000000e+000 0.000000000e+000 0.000000000e+000 0.000000000e+000 0.000000000e+000 9.200000000e-001 9.200000000e-001 1.348578564e-004 0.000000000e+000 0.000000000e+000 -1.348578564e-004 6.000000000e-001 6.000000000e-001 0.000000000e+000 
d 0.000000000e+000 0.000000000e+000 0.000000000e+000 0.000000000e+000 0.000000000e+000 0.000000000e+000 9.300000000e-001 9.300000000e-001 1.447849742e-004 0.000000000e+000 0.000000000e+000 -1.447849742e-004 6.000000000e-001 6.000000000e-001 0.000000000e+000 
d 0.000000000e+000 0.000000000e+000 0.000000000e+000 0.000000000e+000 0.000000000e+000 0.000000000e+000 9.400000000e-001 9.400000000e-001 1.550554927e-004 0.000000000e+000 0.000000000e+000 -1.550554927e-004 6.000000000e-001 6.000000000e-001 0.000000000e+000 
d 0.000000000e+000 0.000000000e+000 0.000000000e+000 0.000000000e+000 0.000000000e+000 0.000000000e+000 9.500000000e-001 9.500000000e-001 1.652487017e-004 0.000000000e+000 0.000000000e+000 -1.652487017e-004 6.000000000e-001 6.000000000e-001 0.000000000e+000 
d 0.000000000e+000 0.000000000e+000 0.000000000e+000 0.000000000e+000 0.000000000e+000 0.000000000e+000 9.600000000e-001 9.600000000e-001 1.757020788e-004 0.000000000e+000 0.000000000e+000 -1.757020788e-004 6.000000000e-001 6.000000000e-001 0.000000000e+000 
d 0.000000000e+000 0.000000000e+000 0.000000000e+000 0.000000000e+000 0.000000000e+000 0.000000000e+000 9.700000000e-001 9.700000000e-001 1.864618748e-004 0.000000000e+000 0.000000000e+000 -1.864618748e-004 6.000000000e-001 6.000000000e-001 0.000000000e+000 
d 0.000000000e+000 0.000000000e+000 0.000000000e+000 0.000000000e+000 0.000000000e+000 0.000000000e+000 9.800000000e-001 9.800000000e-001 1.975200093e-004 0.000000000e+000 0.000000000e+000 -1.975200093e-004 6.000000000e-001 6.000000000e-001 0.000000000e+000 
d 0.000000000e+000 0.000000000e+000 0.000000000e+000 0.000000000e+000 0.000000000e+000 0.000000000e+000 9.900000000e-001 9.900000000e-001 2.088694244e-004 0.000000000e+000 0.000000000e+000 -2.088694244e-004 6.000000000e-001 6.000000000e-001 0.000000000e+000 
d 0.000000000e+000 0.000000000e+000 0.000000000e+000 0.000000000e+000 0.000000000e+000 0.000000000e+000 1.000000000e+000 1.000000000e+000 2.205033282e-004 0.000000000e+000 0.000000000e+000 -2.205033282e-004 6.000000000e-001 6.000000000e-001 0.000000000e+000 
d 0.000000000e+000 0.000000000e+000 0.000000000e+000 0.000000000e+000 0.000000000e+000 0.000000000e+000 1.010000000e+000 1.010000000e+000 2.324151613e-004 0.000000000e+000 0.000000000e+000 -2.324151613e-004 6.000000000e-001 6.000000000e-001 0.000000000e+000 
d 0.000000000e+000 0.000000000e+000 0.000000000e+000 0.000000000e+000 0.000000000e+000 0.000000000e+000 1.020000000e+000 1.020000000e+000 2.445987217e-004 0.000000000e+000 0.000000000e+000 -2.445987217e-004 6.000000000e-001 6.000000000e-001 0.000000000e+000 
d 0.000000000e+000 0.000000000e+000 0.000000000e+000 0.000000000e+000 0.000000000e+000 0.000000000e+000 1.030000000e+000 1.030000000e+000 2.570483884e-004 0.000000000e+000 0.000000000e+000 -2.570483884e-004 6.000000000e-001 6.000000000e-001 0.000000000e+000 
d 0.000000000e+000 0.000000000e+000 0.000000000e+000 0.000000000e+000 0.000000000e+000 0.000000000e+000 1.040000000e+000 1.040000000e+000 2.697587076e-004 0.000000000e+000 0.000000000e+000 -2.697587076e-004 6.000000000e-001 6.000000000e-001 0.000000000e+000 
d 0.000000000e+000 0.000000000e+000 0.000000000e+000 0.000000000e+000 0.000000000e+000 0.000000000e+000 1.050000000e+000 1.050000000e+000 2.827256331e-004 0.000000000e+000 0.000000000e+000 -2.827256331e-004 6.000000000e-001 6.000000000e-001 0.000000000e+000 
d 0.000000000e+000 0.000000000e+000 0.000000000e+000 0.000000000e+000 0.000000000e+000 0.000000000e+000 1.060000000e+000 1.060000000e+000 2.959416644e-004 0.000000000e+000 0.000000000e+000 -2.959416644e-004 6.000000000e-001 6.000000000e-001 0.000000000e+000 
d 0.000000000e+000 0.000000000e+000 0.000000000e+000 0.000000000e+000 0.000000000e+000 0.000000000e+000 1.070000000e+000 1.070000000e+000 3.094015485e-004 0.000000000e+000 0.000000000e+000 -3.094015485e-004 6.000000000e-001 6.000000000e-001 0.000000000e+000 
d 0.000000000e+000 0.000000000e+000 0.000000000e+000 0.000000000e+000 0.000000000e+000 0.000000000e+000 1.080000000e+000 1.080000000e+000 3.231002025e-004 0.000000000e+000 0.000000000e+000 -3.231002025e-004 6.000000000e-001 6.000000000e-001 0.000000000e+000 
d 0.000000000e+000 0.000000000e+000 0.000000000e+000 0.000000000e+000 0.000000000e+000 0.000000000e+000 1.090000000e+000 1.090000000e+000 3.370331308e-004 0.000000000e+000 0.000000000e+000 -3.370331308e-004 6.000000000e-001 6.000000000e-001 0.000000000e+000 
d 0.000000000e+000 0.000000000e+000 0.000000000e+000 0.000000000e+000 0.000000000e+000 0.000000000e+000 1.100000000e+000 1.100000000e+000 3.511959758e-004 0.000000000e+000 0.000000000e+000 -3.511959758e-004 6.000000000e-001 6.000000000e-001 0.000000000e+000 
d 0.000000000e+000 0.000000000e+000 0.000000000e+000 0.000000000e+000 0.000000000e+000 0.000000000e+000 1.110000000e+000 1.110000000e+000 3.655852006e-004 0.000000000e+000 0.000000000e+000 -3.655852006e-004 6.000000000e-001 6.000000000e-001 0.000000000e+000 
d 0.000000000e+000 0.000000000e+000 0.000000000e+000 0.000000000e+000 0.000000000e+000 0.000000000e+000 1.120000000e+000 1.120000000e+000 3.801991384e-004 0.000000000e+000 0.000000000e+000 -3.801991384e-004 6.000000000e-001 6.000000000e-001 0.000000000e+000 
d 0.000000000e+000 0.000000000e+000 0.000000000e+000 0.000000000e+000 0.000000000e+000 0.000000000e+000 1.130000000e+000 1.130000000e+000 3.950322382e-004 0.000000000e+000 0.000000000e+000 -3.950322382e-004 6.000000000e-001 6.000000000e-001 0.000000000e+000 
d 0.000000000e+000 0.000000000e+000 0.000000000e+000 0.000000000e+000 0.000000000e+000 0.000000000e+000 1.140000000e+000 1.140000000e+000 4.100813260e-004 0.000000000e+000 0.000000000e+000 -4.100813260e-004 6.000000000e-001 6.000000000e-001 0.000000000e+000 
d 0.000000000e+000 0.000000000e+000 0.000000000e+000 0.000000000e+000 0.000000000e+000 0.000000000e+000 1.150000000e+000 1.150000000e+000 4.253427383e-004 0.000000000e+000 0.000000000e+000 -4.253427383e-004 6.000000000e-001 6.000000000e-001 0.000000000e+000 
d 0.000000000e+000 0.000000000e+000 0.000000000e+000 0.000000000e+000 0.000000000e+000 0.000000000e+000 1.160000000e+000 1.160000000e+000 4.405955890e-004 0.000000000e+000 0.000000000e+000 -4.405955890e-004 6.000000000e-001 6.000000000e-001 0.000000000e+000 
d 0.000000000e+000 0.000000000e+000 0.000000000e+000 0.000000000e+000 0.000000000e+000 0.000000000e+000 1.170000000e+000 1.170000000e+000 4.546260721e-004 0.000000000e+000 0.000000000e+000 -4.546260718e-004 6.000000000e-001 6.000000000e-001 0.000000000e+000 
d 0.000000000e+000 0.000000000e+000 0.000000000e+000 0.000000000e+000 0.000000000e+000 0.000000000e+000 1.180000000e+000 1.180000000e+000 4.687917837e-004 0.000000000e+000 0.000000000e+000 -4.687917837e-004 6.000000000e-001 6.000000000e-001 0.000000000e+000 
d 0.000000000e+000 0.000000000e+000 0.000000000e+000 0.000000000e+000 0.000000000e+000 0.000000000e+000 1.190000000e+000 1.190000000e+000 4.830540219e-004 0.000000000e+000 0.000000000e+000 -4.830540219e-004 6.000000000e-001 6.000000000e-001 0.000000000e+000 
d 0.000000000e+000 0.000000000e+000 0.000000000e+000 0.000000000e+000 0.000000000e+000 0.000000000e+000 1.200000000e+000 1.200000000e+000 4.974048923e-004 0.000000000e+000 0.000000000e+000 -4.974048923e-004 6.000000000e-001 6.000000000e-001 0.000000000e+000 
