v ATLAS
# This file was created by ATLAS version 5.28.1.R on Sun Dec 15 23:08:30 2024.
#SSF 2.0 generic
##############################################################################
#                    Copyright (c) 1984 - 2019                               #
#                    Silvaco Inc. All rights reserved                        #
#                                                                            #
# This file format and the following Key are copyright Silvaco Inc.          #
# You may not use, this format or key without reproducing this message in    #
# full and obtaining express written permission from Silvaco Inc.            #
#                                                                            #
# To obtain such permission please contact: Silvaco Inc.                     #
#                                           support@silvaco.com              #
#                                                                            #
# KEY=SVC86hn7562asdx                       PROD=345                         #
##############################################################################
y 3 700 711 15
z 0.01 0.0008 300
f 5 "gate" "well" "drain" "source" "bulk" 
p 15 2 601 20 3 602 21 4 603 22 5 604 23 6 605 24 
d 0.000000000e+000 0.000000000e+000 0.000000000e+000 0.000000000e+000 0.000000000e+000 0.000000000e+000 0.000000000e+000 0.000000000e+000 -1.044497187e-018 0.000000000e+000 0.000000000e+000 7.649703912e-017 0.000000000e+000 0.000000000e+000 0.000000000e+000 
d 0.000000000e+000 0.000000000e+000 0.000000000e+000 0.000000000e+000 0.000000000e+000 0.000000000e+000 0.000000000e+000 0.000000000e+000 -5.223334449e-019 0.000000000e+000 0.000000000e+000 -5.064982048e-017 6.000000000e-001 6.000000000e-001 0.000000000e+000 
d 0.000000000e+000 0.000000000e+000 0.000000000e+000 0.000000000e+000 0.000000000e+000 0.000000000e+000 0.000000000e+000 0.000000000e+000 -1.571729696e-017 0.000000000e+000 0.000000000e+000 -3.263517301e-017 6.000000000e-001 6.000000000e-001 0.000000000e+000 
d 0.000000000e+000 0.000000000e+000 0.000000000e+000 6.000000000e-001 6.000000000e-001 0.000000000e+000 0.000000000e+000 0.000000000e+000 -1.806703358e-017 0.000000000e+000 0.000000000e+000 4.976225805e-017 6.000000000e-001 6.000000000e-001 0.000000000e+000 
d 0.000000000e+000 0.000000000e+000 0.000000000e+000 9.000000000e-001 9.000000000e-001 0.000000000e+000 0.000000000e+000 0.000000000e+000 -9.973496313e-018 0.000000000e+000 0.000000000e+000 -2.527266489e-017 6.000000000e-001 6.000000000e-001 0.000000000e+000 
d 0.000000000e+000 0.000000000e+000 0.000000000e+000 1.050000000e+000 1.050000000e+000 0.000000000e+000 0.000000000e+000 0.000000000e+000 6.109145488e-018 0.000000000e+000 0.000000000e+000 5.796022806e-017 6.000000000e-001 6.000000000e-001 0.000000000e+000 
d 0.000000000e+000 0.000000000e+000 0.000000000e+000 1.200000000e+000 1.200000000e+000 0.000000000e+000 0.000000000e+000 0.000000000e+000 2.939764628e-017 0.000000000e+000 0.000000000e+000 1.133101012e-017 6.000000000e-001 6.000000000e-001 0.000000000e+000 
d 0.000000000e+000 0.000000000e+000 0.000000000e+000 1.200000000e+000 1.200000000e+000 0.000000000e+000 0.000000000e+000 0.000000000e+000 -5.691754014e-018 0.000000000e+000 0.000000000e+000 -9.372832528e-017 6.000000000e-001 6.000000000e-001 0.000000000e+000 
d 0.000000000e+000 0.000000000e+000 0.000000000e+000 1.200000000e+000 1.200000000e+000 0.000000000e+000 0.000000000e+000 0.000000000e+000 -1.858919728e-017 0.000000000e+000 0.000000000e+000 -4.579369809e-017 6.000000000e-001 6.000000000e-001 0.000000000e+000 
d 0.000000000e+000 0.000000000e+000 0.000000000e+000 1.200000000e+000 1.200000000e+000 0.000000000e+000 1.000000000e-002 1.000000000e-002 3.126886323e-009 0.000000000e+000 0.000000000e+000 -3.126886322e-009 6.000000000e-001 6.000000000e-001 0.000000000e+000 
d 0.000000000e+000 0.000000000e+000 0.000000000e+000 1.200000000e+000 1.200000000e+000 0.000000000e+000 2.000000000e-002 2.000000000e-002 5.779009998e-009 0.000000000e+000 0.000000000e+000 -5.779010070e-009 6.000000000e-001 6.000000000e-001 0.000000000e+000 
d 0.000000000e+000 0.000000000e+000 0.000000000e+000 1.200000000e+000 1.200000000e+000 0.000000000e+000 3.000000000e-002 3.000000000e-002 8.098847508e-009 0.000000000e+000 0.000000000e+000 -8.098847468e-009 6.000000000e-001 6.000000000e-001 0.000000000e+000 
d 0.000000000e+000 0.000000000e+000 0.000000000e+000 1.200000000e+000 1.200000000e+000 0.000000000e+000 4.000000000e-002 4.000000000e-002 1.019879797e-008 0.000000000e+000 0.000000000e+000 -1.019879800e-008 6.000000000e-001 6.000000000e-001 0.000000000e+000 
d 0.000000000e+000 0.000000000e+000 0.000000000e+000 1.200000000e+000 1.200000000e+000 0.000000000e+000 5.000000000e-002 5.000000000e-002 1.217212588e-008 0.000000000e+000 0.000000000e+000 -1.217212579e-008 6.000000000e-001 6.000000000e-001 0.000000000e+000 
d 0.000000000e+000 0.000000000e+000 0.000000000e+000 1.200000000e+000 1.200000000e+000 0.000000000e+000 6.000000000e-002 6.000000000e-002 1.409660306e-008 0.000000000e+000 0.000000000e+000 -1.409660299e-008 6.000000000e-001 6.000000000e-001 0.000000000e+000 
d 0.000000000e+000 0.000000000e+000 0.000000000e+000 1.200000000e+000 1.200000000e+000 0.000000000e+000 7.000000000e-002 7.000000000e-002 1.603754131e-008 0.000000000e+000 0.000000000e+000 -1.603754129e-008 6.000000000e-001 6.000000000e-001 0.000000000e+000 
d 0.000000000e+000 0.000000000e+000 0.000000000e+000 1.200000000e+000 1.200000000e+000 0.000000000e+000 8.000000000e-002 8.000000000e-002 1.805004143e-008 0.000000000e+000 0.000000000e+000 -1.805004140e-008 6.000000000e-001 6.000000000e-001 0.000000000e+000 
d 0.000000000e+000 0.000000000e+000 0.000000000e+000 1.200000000e+000 1.200000000e+000 0.000000000e+000 9.000000000e-002 9.000000000e-002 2.018099701e-008 0.000000000e+000 0.000000000e+000 -2.018099698e-008 6.000000000e-001 6.000000000e-001 0.000000000e+000 
d 0.000000000e+000 0.000000000e+000 0.000000000e+000 1.200000000e+000 1.200000000e+000 0.000000000e+000 1.000000000e-001 1.000000000e-001 2.247106086e-008 0.000000000e+000 0.000000000e+000 -2.247106086e-008 6.000000000e-001 6.000000000e-001 0.000000000e+000 
d 0.000000000e+000 0.000000000e+000 0.000000000e+000 1.200000000e+000 1.200000000e+000 0.000000000e+000 1.100000000e-001 1.100000000e-001 2.495417729e-008 0.000000000e+000 0.000000000e+000 -2.495417728e-008 6.000000000e-001 6.000000000e-001 0.000000000e+000 
d 0.000000000e+000 0.000000000e+000 0.000000000e+000 1.200000000e+000 1.200000000e+000 0.000000000e+000 1.200000000e-001 1.200000000e-001 2.765385237e-008 0.000000000e+000 0.000000000e+000 -2.765385245e-008 6.000000000e-001 6.000000000e-001 0.000000000e+000 
d 0.000000000e+000 0.000000000e+000 0.000000000e+000 1.200000000e+000 1.200000000e+000 0.000000000e+000 1.300000000e-001 1.300000000e-001 3.057972494e-008 0.000000000e+000 0.000000000e+000 -3.057972496e-008 6.000000000e-001 6.000000000e-001 0.000000000e+000 
d 0.000000000e+000 0.000000000e+000 0.000000000e+000 1.200000000e+000 1.200000000e+000 0.000000000e+000 1.400000000e-001 1.400000000e-001 3.373916392e-008 0.000000000e+000 0.000000000e+000 -3.373916395e-008 6.000000000e-001 6.000000000e-001 0.000000000e+000 
d 0.000000000e+000 0.000000000e+000 0.000000000e+000 1.200000000e+000 1.200000000e+000 0.000000000e+000 1.500000000e-001 1.500000000e-001 3.716000766e-008 0.000000000e+000 0.000000000e+000 -3.716000773e-008 6.000000000e-001 6.000000000e-001 0.000000000e+000 
d 0.000000000e+000 0.000000000e+000 0.000000000e+000 1.200000000e+000 1.200000000e+000 0.000000000e+000 1.600000000e-001 1.600000000e-001 4.088615635e-008 0.000000000e+000 0.000000000e+000 -4.088615637e-008 6.000000000e-001 6.000000000e-001 0.000000000e+000 
d 0.000000000e+000 0.000000000e+000 0.000000000e+000 1.200000000e+000 1.200000000e+000 0.000000000e+000 1.700000000e-001 1.700000000e-001 4.495885073e-008 0.000000000e+000 0.000000000e+000 -4.495885079e-008 6.000000000e-001 6.000000000e-001 0.000000000e+000 
d 0.000000000e+000 0.000000000e+000 0.000000000e+000 1.200000000e+000 1.200000000e+000 0.000000000e+000 1.800000000e-001 1.800000000e-001 4.940910440e-008 0.000000000e+000 0.000000000e+000 -4.940910439e-008 6.000000000e-001 6.000000000e-001 0.000000000e+000 
d 0.000000000e+000 0.000000000e+000 0.000000000e+000 1.200000000e+000 1.200000000e+000 0.000000000e+000 1.900000000e-001 1.900000000e-001 5.425467988e-008 0.000000000e+000 0.000000000e+000 -5.425467986e-008 6.000000000e-001 6.000000000e-001 0.000000000e+000 
d 0.000000000e+000 0.000000000e+000 0.000000000e+000 1.200000000e+000 1.200000000e+000 0.000000000e+000 2.000000000e-001 2.000000000e-001 5.949116399e-008 0.000000000e+000 0.000000000e+000 -5.949116399e-008 6.000000000e-001 6.000000000e-001 0.000000000e+000 
d 0.000000000e+000 0.000000000e+000 0.000000000e+000 1.200000000e+000 1.200000000e+000 0.000000000e+000 2.100000000e-001 2.100000000e-001 6.507805576e-008 0.000000000e+000 0.000000000e+000 -6.507805572e-008 6.000000000e-001 6.000000000e-001 0.000000000e+000 
d 0.000000000e+000 0.000000000e+000 0.000000000e+000 1.200000000e+000 1.200000000e+000 0.000000000e+000 2.200000000e-001 2.200000000e-001 7.094290137e-008 0.000000000e+000 0.000000000e+000 -7.094290132e-008 6.000000000e-001 6.000000000e-001 0.000000000e+000 
d 0.000000000e+000 0.000000000e+000 0.000000000e+000 1.200000000e+000 1.200000000e+000 0.000000000e+000 2.300000000e-001 2.300000000e-001 7.703158614e-008 0.000000000e+000 0.000000000e+000 -7.703158605e-008 6.000000000e-001 6.000000000e-001 0.000000000e+000 
d 0.000000000e+000 0.000000000e+000 0.000000000e+000 1.200000000e+000 1.200000000e+000 0.000000000e+000 2.400000000e-001 2.400000000e-001 8.335998092e-008 0.000000000e+000 0.000000000e+000 -8.335998081e-008 6.000000000e-001 6.000000000e-001 0.000000000e+000 
d 0.000000000e+000 0.000000000e+000 0.000000000e+000 1.200000000e+000 1.200000000e+000 0.000000000e+000 2.500000000e-001 2.500000000e-001 8.998074232e-008 0.000000000e+000 0.000000000e+000 -8.998074237e-008 6.000000000e-001 6.000000000e-001 0.000000000e+000 
d 0.000000000e+000 0.000000000e+000 0.000000000e+000 1.200000000e+000 1.200000000e+000 0.000000000e+000 2.600000000e-001 2.600000000e-001 9.692424836e-008 0.000000000e+000 0.000000000e+000 -9.692424834e-008 6.000000000e-001 6.000000000e-001 0.000000000e+000 
d 0.000000000e+000 0.000000000e+000 0.000000000e+000 1.200000000e+000 1.200000000e+000 0.000000000e+000 2.700000000e-001 2.700000000e-001 1.041933723e-007 0.000000000e+000 0.000000000e+000 -1.041933722e-007 6.000000000e-001 6.000000000e-001 0.000000000e+000 
d 0.000000000e+000 0.000000000e+000 0.000000000e+000 1.200000000e+000 1.200000000e+000 0.000000000e+000 2.800000000e-001 2.800000000e-001 1.118012812e-007 0.000000000e+000 0.000000000e+000 -1.118012811e-007 6.000000000e-001 6.000000000e-001 0.000000000e+000 
d 0.000000000e+000 0.000000000e+000 0.000000000e+000 1.200000000e+000 1.200000000e+000 0.000000000e+000 2.900000000e-001 2.900000000e-001 1.198135406e-007 0.000000000e+000 0.000000000e+000 -1.198135405e-007 6.000000000e-001 6.000000000e-001 0.000000000e+000 
d 0.000000000e+000 0.000000000e+000 0.000000000e+000 1.200000000e+000 1.200000000e+000 0.000000000e+000 3.000000000e-001 3.000000000e-001 1.283356636e-007 0.000000000e+000 0.000000000e+000 -1.283356636e-007 6.000000000e-001 6.000000000e-001 0.000000000e+000 
d 0.000000000e+000 0.000000000e+000 0.000000000e+000 1.200000000e+000 1.200000000e+000 0.000000000e+000 3.100000000e-001 3.100000000e-001 1.374724281e-007 0.000000000e+000 0.000000000e+000 -1.374724282e-007 6.000000000e-001 6.000000000e-001 0.000000000e+000 
d 0.000000000e+000 0.000000000e+000 0.000000000e+000 1.200000000e+000 1.200000000e+000 0.000000000e+000 3.200000000e-001 3.200000000e-001 1.473092337e-007 0.000000000e+000 0.000000000e+000 -1.473092337e-007 6.000000000e-001 6.000000000e-001 0.000000000e+000 
d 0.000000000e+000 0.000000000e+000 0.000000000e+000 1.200000000e+000 1.200000000e+000 0.000000000e+000 3.300000000e-001 3.300000000e-001 1.579114840e-007 0.000000000e+000 0.000000000e+000 -1.579114840e-007 6.000000000e-001 6.000000000e-001 0.000000000e+000 
d 0.000000000e+000 0.000000000e+000 0.000000000e+000 1.200000000e+000 1.200000000e+000 0.000000000e+000 3.400000000e-001 3.400000000e-001 1.693293043e-007 0.000000000e+000 0.000000000e+000 -1.693293043e-007 6.000000000e-001 6.000000000e-001 0.000000000e+000 
d 0.000000000e+000 0.000000000e+000 0.000000000e+000 1.200000000e+000 1.200000000e+000 0.000000000e+000 3.500000000e-001 3.500000000e-001 1.816057869e-007 0.000000000e+000 0.000000000e+000 -1.816057869e-007 6.000000000e-001 6.000000000e-001 0.000000000e+000 
d 0.000000000e+000 0.000000000e+000 0.000000000e+000 1.200000000e+000 1.200000000e+000 0.000000000e+000 3.600000000e-001 3.600000000e-001 1.947884150e-007 0.000000000e+000 0.000000000e+000 -1.947884151e-007 6.000000000e-001 6.000000000e-001 0.000000000e+000 
d 0.000000000e+000 0.000000000e+000 0.000000000e+000 1.200000000e+000 1.200000000e+000 0.000000000e+000 3.700000000e-001 3.700000000e-001 2.089354362e-007 0.000000000e+000 0.000000000e+000 -2.089354362e-007 6.000000000e-001 6.000000000e-001 0.000000000e+000 
d 0.000000000e+000 0.000000000e+000 0.000000000e+000 1.200000000e+000 1.200000000e+000 0.000000000e+000 3.800000000e-001 3.800000000e-001 2.241094364e-007 0.000000000e+000 0.000000000e+000 -2.241094364e-007 6.000000000e-001 6.000000000e-001 0.000000000e+000 
d 0.000000000e+000 0.000000000e+000 0.000000000e+000 1.200000000e+000 1.200000000e+000 0.000000000e+000 3.900000000e-001 3.900000000e-001 2.403635408e-007 0.000000000e+000 0.000000000e+000 -2.403635408e-007 6.000000000e-001 6.000000000e-001 0.000000000e+000 
d 0.000000000e+000 0.000000000e+000 0.000000000e+000 1.200000000e+000 1.200000000e+000 0.000000000e+000 4.000000000e-001 4.000000000e-001 2.577386302e-007 0.000000000e+000 0.000000000e+000 -2.577386301e-007 6.000000000e-001 6.000000000e-001 0.000000000e+000 
d 0.000000000e+000 0.000000000e+000 0.000000000e+000 1.200000000e+000 1.200000000e+000 0.000000000e+000 4.100000000e-001 4.100000000e-001 2.762919944e-007 0.000000000e+000 0.000000000e+000 -2.762919945e-007 6.000000000e-001 6.000000000e-001 0.000000000e+000 
d 0.000000000e+000 0.000000000e+000 0.000000000e+000 1.200000000e+000 1.200000000e+000 0.000000000e+000 4.200000000e-001 4.200000000e-001 2.961285437e-007 0.000000000e+000 0.000000000e+000 -2.961285437e-007 6.000000000e-001 6.000000000e-001 0.000000000e+000 
d 0.000000000e+000 0.000000000e+000 0.000000000e+000 1.200000000e+000 1.200000000e+000 0.000000000e+000 4.300000000e-001 4.300000000e-001 3.173883625e-007 0.000000000e+000 0.000000000e+000 -3.173883624e-007 6.000000000e-001 6.000000000e-001 0.000000000e+000 
d 0.000000000e+000 0.000000000e+000 0.000000000e+000 1.200000000e+000 1.200000000e+000 0.000000000e+000 4.400000000e-001 4.400000000e-001 3.402202263e-007 0.000000000e+000 0.000000000e+000 -3.402202263e-007 6.000000000e-001 6.000000000e-001 0.000000000e+000 
d 0.000000000e+000 0.000000000e+000 0.000000000e+000 1.200000000e+000 1.200000000e+000 0.000000000e+000 4.500000000e-001 4.500000000e-001 3.647707637e-007 0.000000000e+000 0.000000000e+000 -3.647707637e-007 6.000000000e-001 6.000000000e-001 0.000000000e+000 
d 0.000000000e+000 0.000000000e+000 0.000000000e+000 1.200000000e+000 1.200000000e+000 0.000000000e+000 4.600000000e-001 4.600000000e-001 3.911885271e-007 0.000000000e+000 0.000000000e+000 -3.911885271e-007 6.000000000e-001 6.000000000e-001 0.000000000e+000 
d 0.000000000e+000 0.000000000e+000 0.000000000e+000 1.200000000e+000 1.200000000e+000 0.000000000e+000 4.700000000e-001 4.700000000e-001 4.196386502e-007 0.000000000e+000 0.000000000e+000 -4.196386502e-007 6.000000000e-001 6.000000000e-001 0.000000000e+000 
d 0.000000000e+000 0.000000000e+000 0.000000000e+000 1.200000000e+000 1.200000000e+000 0.000000000e+000 4.800000000e-001 4.800000000e-001 4.503109823e-007 0.000000000e+000 0.000000000e+000 -4.503109822e-007 6.000000000e-001 6.000000000e-001 0.000000000e+000 
d 0.000000000e+000 0.000000000e+000 0.000000000e+000 1.200000000e+000 1.200000000e+000 0.000000000e+000 4.900000000e-001 4.900000000e-001 4.834160125e-007 0.000000000e+000 0.000000000e+000 -4.834160125e-007 6.000000000e-001 6.000000000e-001 0.000000000e+000 
d 0.000000000e+000 0.000000000e+000 0.000000000e+000 1.200000000e+000 1.200000000e+000 0.000000000e+000 5.000000000e-001 5.000000000e-001 5.191812372e-007 0.000000000e+000 0.000000000e+000 -5.191812371e-007 6.000000000e-001 6.000000000e-001 0.000000000e+000 
d 0.000000000e+000 0.000000000e+000 0.000000000e+000 1.200000000e+000 1.200000000e+000 0.000000000e+000 5.100000000e-001 5.100000000e-001 5.578501336e-007 0.000000000e+000 0.000000000e+000 -5.578501337e-007 6.000000000e-001 6.000000000e-001 0.000000000e+000 
d 0.000000000e+000 0.000000000e+000 0.000000000e+000 1.200000000e+000 1.200000000e+000 0.000000000e+000 5.200000000e-001 5.200000000e-001 5.996814524e-007 0.000000000e+000 0.000000000e+000 -5.996814524e-007 6.000000000e-001 6.000000000e-001 0.000000000e+000 
d 0.000000000e+000 0.000000000e+000 0.000000000e+000 1.200000000e+000 1.200000000e+000 0.000000000e+000 5.300000000e-001 5.300000000e-001 6.449458718e-007 0.000000000e+000 0.000000000e+000 -6.449458718e-007 6.000000000e-001 6.000000000e-001 0.000000000e+000 
d 0.000000000e+000 0.000000000e+000 0.000000000e+000 1.200000000e+000 1.200000000e+000 0.000000000e+000 5.400000000e-001 5.400000000e-001 6.939166471e-007 0.000000000e+000 0.000000000e+000 -6.939166471e-007 6.000000000e-001 6.000000000e-001 0.000000000e+000 
d 0.000000000e+000 0.000000000e+000 0.000000000e+000 1.200000000e+000 1.200000000e+000 0.000000000e+000 5.500000000e-001 5.500000000e-001 7.468489560e-007 0.000000000e+000 0.000000000e+000 -7.468489560e-007 6.000000000e-001 6.000000000e-001 0.000000000e+000 
d 0.000000000e+000 0.000000000e+000 0.000000000e+000 1.200000000e+000 1.200000000e+000 0.000000000e+000 5.600000000e-001 5.600000000e-001 8.039432637e-007 0.000000000e+000 0.000000000e+000 -8.039432636e-007 6.000000000e-001 6.000000000e-001 0.000000000e+000 
d 0.000000000e+000 0.000000000e+000 0.000000000e+000 1.200000000e+000 1.200000000e+000 0.000000000e+000 5.700000000e-001 5.700000000e-001 8.653088932e-007 0.000000000e+000 0.000000000e+000 -8.653088931e-007 6.000000000e-001 6.000000000e-001 0.000000000e+000 
d 0.000000000e+000 0.000000000e+000 0.000000000e+000 1.200000000e+000 1.200000000e+000 0.000000000e+000 5.800000000e-001 5.800000000e-001 9.310054845e-007 0.000000000e+000 0.000000000e+000 -9.310054847e-007 6.000000000e-001 6.000000000e-001 0.000000000e+000 
d 0.000000000e+000 0.000000000e+000 0.000000000e+000 1.200000000e+000 1.200000000e+000 0.000000000e+000 5.900000000e-001 5.900000000e-001 1.001232383e-006 0.000000000e+000 0.000000000e+000 -1.001232383e-006 6.000000000e-001 6.000000000e-001 0.000000000e+000 
d 0.000000000e+000 0.000000000e+000 0.000000000e+000 1.200000000e+000 1.200000000e+000 0.000000000e+000 6.000000000e-001 6.000000000e-001 1.076488905e-006 0.000000000e+000 0.000000000e+000 -1.076488905e-006 6.000000000e-001 6.000000000e-001 0.000000000e+000 
d 0.000000000e+000 0.000000000e+000 0.000000000e+000 1.200000000e+000 1.200000000e+000 0.000000000e+000 6.100000000e-001 6.100000000e-001 1.157480329e-006 0.000000000e+000 0.000000000e+000 -1.157480329e-006 6.000000000e-001 6.000000000e-001 0.000000000e+000 
d 0.000000000e+000 0.000000000e+000 0.000000000e+000 1.200000000e+000 1.200000000e+000 0.000000000e+000 6.200000000e-001 6.200000000e-001 1.244982466e-006 0.000000000e+000 0.000000000e+000 -1.244982466e-006 6.000000000e-001 6.000000000e-001 0.000000000e+000 
d 0.000000000e+000 0.000000000e+000 0.000000000e+000 1.200000000e+000 1.200000000e+000 0.000000000e+000 6.300000000e-001 6.300000000e-001 1.339822926e-006 0.000000000e+000 0.000000000e+000 -1.339822927e-006 6.000000000e-001 6.000000000e-001 0.000000000e+000 
d 0.000000000e+000 0.000000000e+000 0.000000000e+000 1.200000000e+000 1.200000000e+000 0.000000000e+000 6.400000000e-001 6.400000000e-001 1.442962772e-006 0.000000000e+000 0.000000000e+000 -1.442962772e-006 6.000000000e-001 6.000000000e-001 0.000000000e+000 
d 0.000000000e+000 0.000000000e+000 0.000000000e+000 1.200000000e+000 1.200000000e+000 0.000000000e+000 6.500000000e-001 6.500000000e-001 1.555628892e-006 0.000000000e+000 0.000000000e+000 -1.555628892e-006 6.000000000e-001 6.000000000e-001 0.000000000e+000 
d 0.000000000e+000 0.000000000e+000 0.000000000e+000 1.200000000e+000 1.200000000e+000 0.000000000e+000 6.600000000e-001 6.600000000e-001 1.679241634e-006 0.000000000e+000 0.000000000e+000 -1.679241634e-006 6.000000000e-001 6.000000000e-001 0.000000000e+000 
d 0.000000000e+000 0.000000000e+000 0.000000000e+000 1.200000000e+000 1.200000000e+000 0.000000000e+000 6.700000000e-001 6.700000000e-001 1.815312180e-006 0.000000000e+000 0.000000000e+000 -1.815312180e-006 6.000000000e-001 6.000000000e-001 0.000000000e+000 
d 0.000000000e+000 0.000000000e+000 0.000000000e+000 1.200000000e+000 1.200000000e+000 0.000000000e+000 6.800000000e-001 6.800000000e-001 1.965149160e-006 0.000000000e+000 0.000000000e+000 -1.965149160e-006 6.000000000e-001 6.000000000e-001 0.000000000e+000 
d 0.000000000e+000 0.000000000e+000 0.000000000e+000 1.200000000e+000 1.200000000e+000 0.000000000e+000 6.900000000e-001 6.900000000e-001 2.129571451e-006 0.000000000e+000 0.000000000e+000 -2.129571451e-006 6.000000000e-001 6.000000000e-001 0.000000000e+000 
d 0.000000000e+000 0.000000000e+000 0.000000000e+000 1.200000000e+000 1.200000000e+000 0.000000000e+000 7.000000000e-001 7.000000000e-001 2.309091278e-006 0.000000000e+000 0.000000000e+000 -2.309091278e-006 6.000000000e-001 6.000000000e-001 0.000000000e+000 
d 0.000000000e+000 0.000000000e+000 0.000000000e+000 1.200000000e+000 1.200000000e+000 0.000000000e+000 7.100000000e-001 7.100000000e-001 2.506319586e-006 0.000000000e+000 0.000000000e+000 -2.506319586e-006 6.000000000e-001 6.000000000e-001 0.000000000e+000 
d 0.000000000e+000 0.000000000e+000 0.000000000e+000 1.200000000e+000 1.200000000e+000 0.000000000e+000 7.200000000e-001 7.200000000e-001 2.725526666e-006 0.000000000e+000 0.000000000e+000 -2.725526666e-006 6.000000000e-001 6.000000000e-001 0.000000000e+000 
d 0.000000000e+000 0.000000000e+000 0.000000000e+000 1.200000000e+000 1.200000000e+000 0.000000000e+000 7.300000000e-001 7.300000000e-001 2.974603570e-006 0.000000000e+000 0.000000000e+000 -2.974603570e-006 6.000000000e-001 6.000000000e-001 0.000000000e+000 
d 0.000000000e+000 0.000000000e+000 0.000000000e+000 1.200000000e+000 1.200000000e+000 0.000000000e+000 7.400000000e-001 7.400000000e-001 3.262948060e-006 0.000000000e+000 0.000000000e+000 -3.262948060e-006 6.000000000e-001 6.000000000e-001 0.000000000e+000 
d 0.000000000e+000 0.000000000e+000 0.000000000e+000 1.200000000e+000 1.200000000e+000 0.000000000e+000 7.500000000e-001 7.500000000e-001 3.601646398e-006 0.000000000e+000 0.000000000e+000 -3.601646398e-006 6.000000000e-001 6.000000000e-001 0.000000000e+000 
d 0.000000000e+000 0.000000000e+000 0.000000000e+000 1.200000000e+000 1.200000000e+000 0.000000000e+000 7.600000000e-001 7.600000000e-001 4.002077010e-006 0.000000000e+000 0.000000000e+000 -4.002077010e-006 6.000000000e-001 6.000000000e-001 0.000000000e+000 
d 0.000000000e+000 0.000000000e+000 0.000000000e+000 1.200000000e+000 1.200000000e+000 0.000000000e+000 7.700000000e-001 7.700000000e-001 4.478378553e-006 0.000000000e+000 0.000000000e+000 -4.478378553e-006 6.000000000e-001 6.000000000e-001 0.000000000e+000 
d 0.000000000e+000 0.000000000e+000 0.000000000e+000 1.200000000e+000 1.200000000e+000 0.000000000e+000 7.800000000e-001 7.800000000e-001 5.047617626e-006 0.000000000e+000 0.000000000e+000 -5.047617626e-006 6.000000000e-001 6.000000000e-001 0.000000000e+000 
d 0.000000000e+000 0.000000000e+000 0.000000000e+000 1.200000000e+000 1.200000000e+000 0.000000000e+000 7.900000000e-001 7.900000000e-001 5.728506975e-006 0.000000000e+000 0.000000000e+000 -5.728506974e-006 6.000000000e-001 6.000000000e-001 0.000000000e+000 
d 0.000000000e+000 0.000000000e+000 0.000000000e+000 1.200000000e+000 1.200000000e+000 0.000000000e+000 8.000000000e-001 8.000000000e-001 6.540075728e-006 0.000000000e+000 0.000000000e+000 -6.540075728e-006 6.000000000e-001 6.000000000e-001 0.000000000e+000 
d 0.000000000e+000 0.000000000e+000 0.000000000e+000 1.200000000e+000 1.200000000e+000 0.000000000e+000 8.100000000e-001 8.100000000e-001 7.513025857e-006 0.000000000e+000 0.000000000e+000 -7.513025857e-006 6.000000000e-001 6.000000000e-001 0.000000000e+000 
d 0.000000000e+000 0.000000000e+000 0.000000000e+000 1.200000000e+000 1.200000000e+000 0.000000000e+000 8.200000000e-001 8.200000000e-001 8.679497802e-006 0.000000000e+000 0.000000000e+000 -8.679497802e-006 6.000000000e-001 6.000000000e-001 0.000000000e+000 
d 0.000000000e+000 0.000000000e+000 0.000000000e+000 1.200000000e+000 1.200000000e+000 0.000000000e+000 8.300000000e-001 8.300000000e-001 1.007696847e-005 0.000000000e+000 0.000000000e+000 -1.007696847e-005 6.000000000e-001 6.000000000e-001 0.000000000e+000 
d 0.000000000e+000 0.000000000e+000 0.000000000e+000 1.200000000e+000 1.200000000e+000 0.000000000e+000 8.400000000e-001 8.400000000e-001 1.174852207e-005 0.000000000e+000 0.000000000e+000 -1.174852207e-005 6.000000000e-001 6.000000000e-001 0.000000000e+000 
d 0.000000000e+000 0.000000000e+000 0.000000000e+000 1.200000000e+000 1.200000000e+000 0.000000000e+000 8.500000000e-001 8.500000000e-001 1.374245686e-005 0.000000000e+000 0.000000000e+000 -1.374245686e-005 6.000000000e-001 6.000000000e-001 0.000000000e+000 
d 0.000000000e+000 0.000000000e+000 0.000000000e+000 1.200000000e+000 1.200000000e+000 0.000000000e+000 8.600000000e-001 8.600000000e-001 1.611033132e-005 0.000000000e+000 0.000000000e+000 -1.611033132e-005 6.000000000e-001 6.000000000e-001 0.000000000e+000 
d 0.000000000e+000 0.000000000e+000 0.000000000e+000 1.200000000e+000 1.200000000e+000 0.000000000e+000 8.700000000e-001 8.700000000e-001 1.888846731e-005 0.000000000e+000 0.000000000e+000 -1.888846731e-005 6.000000000e-001 6.000000000e-001 0.000000000e+000 
d 0.000000000e+000 0.000000000e+000 0.000000000e+000 1.200000000e+000 1.200000000e+000 0.000000000e+000 8.800000000e-001 8.800000000e-001 2.214132801e-005 0.000000000e+000 0.000000000e+000 -2.214132801e-005 6.000000000e-001 6.000000000e-001 0.000000000e+000 
d 0.000000000e+000 0.000000000e+000 0.000000000e+000 1.200000000e+000 1.200000000e+000 0.000000000e+000 8.900000000e-001 8.900000000e-001 2.590346230e-005 0.000000000e+000 0.000000000e+000 -2.590346230e-005 6.000000000e-001 6.000000000e-001 0.000000000e+000 
d 0.000000000e+000 0.000000000e+000 0.000000000e+000 1.200000000e+000 1.200000000e+000 0.000000000e+000 9.000000000e-001 9.000000000e-001 3.022066345e-005 0.000000000e+000 0.000000000e+000 -3.022066345e-005 6.000000000e-001 6.000000000e-001 0.000000000e+000 
d 0.000000000e+000 0.000000000e+000 0.000000000e+000 1.200000000e+000 1.200000000e+000 0.000000000e+000 9.100000000e-001 9.100000000e-001 3.518394179e-005 0.000000000e+000 0.000000000e+000 -3.518394179e-005 6.000000000e-001 6.000000000e-001 0.000000000e+000 
d 0.000000000e+000 0.000000000e+000 0.000000000e+000 1.200000000e+000 1.200000000e+000 0.000000000e+000 9.200000000e-001 9.200000000e-001 4.085818263e-005 0.000000000e+000 0.000000000e+000 -4.085818263e-005 6.000000000e-001 6.000000000e-001 0.000000000e+000 
d 0.000000000e+000 0.000000000e+000 0.000000000e+000 1.200000000e+000 1.200000000e+000 0.000000000e+000 9.300000000e-001 9.300000000e-001 4.728772234e-005 0.000000000e+000 0.000000000e+000 -4.728772234e-005 6.000000000e-001 6.000000000e-001 0.000000000e+000 
d 0.000000000e+000 0.000000000e+000 0.000000000e+000 1.200000000e+000 1.200000000e+000 0.000000000e+000 9.400000000e-001 9.400000000e-001 5.446697908e-005 0.000000000e+000 0.000000000e+000 -5.446697908e-005 6.000000000e-001 6.000000000e-001 0.000000000e+000 
d 0.000000000e+000 0.000000000e+000 0.000000000e+000 1.200000000e+000 1.200000000e+000 0.000000000e+000 9.500000000e-001 9.500000000e-001 6.225169085e-005 0.000000000e+000 0.000000000e+000 -6.225169085e-005 6.000000000e-001 6.000000000e-001 0.000000000e+000 
d 0.000000000e+000 0.000000000e+000 0.000000000e+000 1.200000000e+000 1.200000000e+000 0.000000000e+000 9.600000000e-001 9.600000000e-001 7.033646006e-005 0.000000000e+000 0.000000000e+000 -7.033646006e-005 6.000000000e-001 6.000000000e-001 0.000000000e+000 
d 0.000000000e+000 0.000000000e+000 0.000000000e+000 1.200000000e+000 1.200000000e+000 0.000000000e+000 9.700000000e-001 9.700000000e-001 7.877697794e-005 0.000000000e+000 0.000000000e+000 -7.877697794e-005 6.000000000e-001 6.000000000e-001 0.000000000e+000 
d 0.000000000e+000 0.000000000e+000 0.000000000e+000 1.200000000e+000 1.200000000e+000 0.000000000e+000 9.800000000e-001 9.800000000e-001 8.734876337e-005 0.000000000e+000 0.000000000e+000 -8.734876337e-005 6.000000000e-001 6.000000000e-001 0.000000000e+000 
d 0.000000000e+000 0.000000000e+000 0.000000000e+000 1.200000000e+000 1.200000000e+000 0.000000000e+000 9.900000000e-001 9.900000000e-001 9.655732576e-005 0.000000000e+000 0.000000000e+000 -9.655732576e-005 6.000000000e-001 6.000000000e-001 0.000000000e+000 
d 0.000000000e+000 0.000000000e+000 0.000000000e+000 1.200000000e+000 1.200000000e+000 0.000000000e+000 1.000000000e+000 1.000000000e+000 1.066155064e-004 0.000000000e+000 0.000000000e+000 -1.066155064e-004 6.000000000e-001 6.000000000e-001 0.000000000e+000 
d 0.000000000e+000 0.000000000e+000 0.000000000e+000 1.200000000e+000 1.200000000e+000 0.000000000e+000 1.010000000e+000 1.010000000e+000 1.176053768e-004 0.000000000e+000 0.000000000e+000 -1.176053768e-004 6.000000000e-001 6.000000000e-001 0.000000000e+000 
d 0.000000000e+000 0.000000000e+000 0.000000000e+000 1.200000000e+000 1.200000000e+000 0.000000000e+000 1.020000000e+000 1.020000000e+000 1.295473960e-004 0.000000000e+000 0.000000000e+000 -1.295473960e-004 6.000000000e-001 6.000000000e-001 0.000000000e+000 
d 0.000000000e+000 0.000000000e+000 0.000000000e+000 1.200000000e+000 1.200000000e+000 0.000000000e+000 1.030000000e+000 1.030000000e+000 1.424484931e-004 0.000000000e+000 0.000000000e+000 -1.424484931e-004 6.000000000e-001 6.000000000e-001 0.000000000e+000 
d 0.000000000e+000 0.000000000e+000 0.000000000e+000 1.200000000e+000 1.200000000e+000 0.000000000e+000 1.040000000e+000 1.040000000e+000 1.563093649e-004 0.000000000e+000 0.000000000e+000 -1.563093649e-004 6.000000000e-001 6.000000000e-001 0.000000000e+000 
d 0.000000000e+000 0.000000000e+000 0.000000000e+000 1.200000000e+000 1.200000000e+000 0.000000000e+000 1.050000000e+000 1.050000000e+000 1.711261864e-004 0.000000000e+000 0.000000000e+000 -1.711261864e-004 6.000000000e-001 6.000000000e-001 0.000000000e+000 
d 0.000000000e+000 0.000000000e+000 0.000000000e+000 1.200000000e+000 1.200000000e+000 0.000000000e+000 1.060000000e+000 1.060000000e+000 1.868910122e-004 0.000000000e+000 0.000000000e+000 -1.868910122e-004 6.000000000e-001 6.000000000e-001 0.000000000e+000 
d 0.000000000e+000 0.000000000e+000 0.000000000e+000 1.200000000e+000 1.200000000e+000 0.000000000e+000 1.070000000e+000 1.070000000e+000 2.035921529e-004 0.000000000e+000 0.000000000e+000 -2.035921529e-004 6.000000000e-001 6.000000000e-001 0.000000000e+000 
d 0.000000000e+000 0.000000000e+000 0.000000000e+000 1.200000000e+000 1.200000000e+000 0.000000000e+000 1.080000000e+000 1.080000000e+000 2.212143319e-004 0.000000000e+000 0.000000000e+000 -2.212143319e-004 6.000000000e-001 6.000000000e-001 0.000000000e+000 
d 0.000000000e+000 0.000000000e+000 0.000000000e+000 1.200000000e+000 1.200000000e+000 0.000000000e+000 1.090000000e+000 1.090000000e+000 2.397389501e-004 0.000000000e+000 0.000000000e+000 -2.397389501e-004 6.000000000e-001 6.000000000e-001 0.000000000e+000 
d 0.000000000e+000 0.000000000e+000 0.000000000e+000 1.200000000e+000 1.200000000e+000 0.000000000e+000 1.100000000e+000 1.100000000e+000 2.591448938e-004 0.000000000e+000 0.000000000e+000 -2.591448938e-004 6.000000000e-001 6.000000000e-001 0.000000000e+000 
d 0.000000000e+000 0.000000000e+000 0.000000000e+000 1.200000000e+000 1.200000000e+000 0.000000000e+000 1.110000000e+000 1.110000000e+000 2.794087635e-004 0.000000000e+000 0.000000000e+000 -2.794087635e-004 6.000000000e-001 6.000000000e-001 0.000000000e+000 
d 0.000000000e+000 0.000000000e+000 0.000000000e+000 1.200000000e+000 1.200000000e+000 0.000000000e+000 1.120000000e+000 1.120000000e+000 3.005053037e-004 0.000000000e+000 0.000000000e+000 -3.005053037e-004 6.000000000e-001 6.000000000e-001 0.000000000e+000 
d 0.000000000e+000 0.000000000e+000 0.000000000e+000 1.200000000e+000 1.200000000e+000 0.000000000e+000 1.130000000e+000 1.130000000e+000 3.224078379e-004 0.000000000e+000 0.000000000e+000 -3.224078379e-004 6.000000000e-001 6.000000000e-001 0.000000000e+000 
d 0.000000000e+000 0.000000000e+000 0.000000000e+000 1.200000000e+000 1.200000000e+000 0.000000000e+000 1.140000000e+000 1.140000000e+000 3.450885872e-004 0.000000000e+000 0.000000000e+000 -3.450885872e-004 6.000000000e-001 6.000000000e-001 0.000000000e+000 
d 0.000000000e+000 0.000000000e+000 0.000000000e+000 1.200000000e+000 1.200000000e+000 0.000000000e+000 1.150000000e+000 1.150000000e+000 3.684079833e-004 0.000000000e+000 0.000000000e+000 -3.684079833e-004 6.000000000e-001 6.000000000e-001 0.000000000e+000 
d 0.000000000e+000 0.000000000e+000 0.000000000e+000 1.200000000e+000 1.200000000e+000 0.000000000e+000 1.160000000e+000 1.160000000e+000 3.920732847e-004 0.000000000e+000 0.000000000e+000 -3.920732847e-004 6.000000000e-001 6.000000000e-001 0.000000000e+000 
d 0.000000000e+000 0.000000000e+000 0.000000000e+000 1.200000000e+000 1.200000000e+000 0.000000000e+000 1.170000000e+000 1.170000000e+000 4.163801490e-004 0.000000000e+000 0.000000000e+000 -4.163801490e-004 6.000000000e-001 6.000000000e-001 0.000000000e+000 
d 0.000000000e+000 0.000000000e+000 0.000000000e+000 1.200000000e+000 1.200000000e+000 0.000000000e+000 1.180000000e+000 1.180000000e+000 4.412978125e-004 0.000000000e+000 0.000000000e+000 -4.412978125e-004 6.000000000e-001 6.000000000e-001 0.000000000e+000 
d 0.000000000e+000 0.000000000e+000 0.000000000e+000 1.200000000e+000 1.200000000e+000 0.000000000e+000 1.190000000e+000 1.190000000e+000 4.667948078e-004 0.000000000e+000 0.000000000e+000 -4.667948078e-004 6.000000000e-001 6.000000000e-001 0.000000000e+000 
d 0.000000000e+000 0.000000000e+000 0.000000000e+000 1.200000000e+000 1.200000000e+000 0.000000000e+000 1.200000000e+000 1.200000000e+000 4.928391158e-004 0.000000000e+000 0.000000000e+000 -4.928391158e-004 6.000000000e-001 6.000000000e-001 0.000000000e+000 
