v ATLAS
# This file was created by ATLAS version 5.28.1.R on Sun Dec 15 23:08:51 2024.
#SSF 2.0 generic
##############################################################################
#                    Copyright (c) 1984 - 2019                               #
#                    Silvaco Inc. All rights reserved                        #
#                                                                            #
# This file format and the following Key are copyright Silvaco Inc.          #
# You may not use, this format or key without reproducing this message in    #
# full and obtaining express written permission from Silvaco Inc.            #
#                                                                            #
# To obtain such permission please contact: Silvaco Inc.                     #
#                                           support@silvaco.com              #
#                                                                            #
# KEY=SVC86hn7562asdx                       PROD=345                         #
##############################################################################
y 3 700 711 15
z 0.01 0.0008 300
f 5 "gate" "well" "drain" "source" "bulk" 
p 15 2 601 20 3 602 21 4 603 22 5 604 23 6 605 24 
d 0.000000000e+000 0.000000000e+000 0.000000000e+000 1.200000000e+000 1.200000000e+000 0.000000000e+000 1.125000000e+000 1.125000000e+000 3.113575351e-004 0.000000000e+000 0.000000000e+000 -3.113575351e-004 6.000000000e-001 6.000000000e-001 0.000000000e+000 
d 0.000000000e+000 0.000000000e+000 0.000000000e+000 1.200000000e+000 1.200000000e+000 0.000000000e+000 1.050000000e+000 1.050000000e+000 1.711261869e-004 0.000000000e+000 0.000000000e+000 -1.711261869e-004 6.000000000e-001 6.000000000e-001 0.000000000e+000 
d 0.000000000e+000 0.000000000e+000 0.000000000e+000 1.200000000e+000 1.200000000e+000 0.000000000e+000 9.000000000e-001 9.000000000e-001 3.022066345e-005 0.000000000e+000 0.000000000e+000 -3.022066345e-005 6.000000000e-001 6.000000000e-001 0.000000000e+000 
d 0.000000000e+000 0.000000000e+000 0.000000000e+000 1.200000000e+000 1.200000000e+000 0.000000000e+000 6.000000000e-001 6.000000000e-001 1.076488905e-006 0.000000000e+000 0.000000000e+000 -1.076488905e-006 6.000000000e-001 6.000000000e-001 0.000000000e+000 
d 0.000000000e+000 0.000000000e+000 0.000000000e+000 1.200000000e+000 1.200000000e+000 0.000000000e+000 0.000000000e+000 0.000000000e+000 -1.932175412e-018 0.000000000e+000 0.000000000e+000 6.950004572e-017 6.000000000e-001 6.000000000e-001 0.000000000e+000 
d 0.000000000e+000 0.000000000e+000 0.000000000e+000 1.200000000e+000 1.200000000e+000 0.000000000e+000 0.000000000e+000 0.000000000e+000 -3.059896226e-017 0.000000000e+000 0.000000000e+000 -4.276514866e-017 6.000000000e-001 6.000000000e-001 0.000000000e+000 
d 0.000000000e+000 0.000000000e+000 0.000000000e+000 1.200000000e+000 1.200000000e+000 0.000000000e+000 0.000000000e+000 0.000000000e+000 -4.699642994e-018 0.000000000e+000 0.000000000e+000 -4.078092662e-017 6.000000000e-001 6.000000000e-001 0.000000000e+000 
d 0.000000000e+000 0.000000000e+000 0.000000000e+000 1.200000000e+000 1.200000000e+000 0.000000000e+000 0.000000000e+000 0.000000000e+000 -1.216658383e-017 0.000000000e+000 0.000000000e+000 2.950230670e-017 6.000000000e-001 6.000000000e-001 0.000000000e+000 
d 3.000000000e-001 3.000000000e-001 0.000000000e+000 1.200000000e+000 1.200000000e+000 0.000000000e+000 0.000000000e+000 0.000000000e+000 3.131284720e-019 0.000000000e+000 0.000000000e+000 4.219088449e-017 6.000000000e-001 6.000000000e-001 0.000000000e+000 
d 6.000000000e-001 6.000000000e-001 0.000000000e+000 1.200000000e+000 1.200000000e+000 0.000000000e+000 0.000000000e+000 0.000000000e+000 -1.219776089e-016 0.000000000e+000 0.000000000e+000 1.276168650e-016 6.000000000e-001 6.000000000e-001 0.000000000e+000 
d 7.500000000e-001 7.500000000e-001 0.000000000e+000 1.200000000e+000 1.200000000e+000 0.000000000e+000 0.000000000e+000 0.000000000e+000 1.989426702e-017 0.000000000e+000 0.000000000e+000 -3.545485692e-017 6.000000000e-001 6.000000000e-001 0.000000000e+000 
d 9.000000000e-001 9.000000000e-001 0.000000000e+000 1.200000000e+000 1.200000000e+000 0.000000000e+000 0.000000000e+000 0.000000000e+000 1.963318517e-017 0.000000000e+000 0.000000000e+000 3.843130589e-017 6.000000000e-001 6.000000000e-001 0.000000000e+000 
d 9.750000000e-001 9.750000000e-001 0.000000000e+000 1.200000000e+000 1.200000000e+000 0.000000000e+000 0.000000000e+000 0.000000000e+000 -7.367746709e-017 0.000000000e+000 0.000000000e+000 9.425060486e-017 6.000000000e-001 6.000000000e-001 0.000000000e+000 
d 1.050000000e+000 1.050000000e+000 0.000000000e+000 1.200000000e+000 1.200000000e+000 0.000000000e+000 0.000000000e+000 0.000000000e+000 -8.563654345e-018 0.000000000e+000 0.000000000e+000 -2.694358870e-017 6.000000000e-001 6.000000000e-001 0.000000000e+000 
d 1.200000000e+000 1.200000000e+000 0.000000000e+000 1.200000000e+000 1.200000000e+000 0.000000000e+000 0.000000000e+000 0.000000000e+000 -1.556064786e-017 0.000000000e+000 0.000000000e+000 -2.944997443e-017 6.000000000e-001 6.000000000e-001 0.000000000e+000 
d 1.200000000e+000 1.200000000e+000 0.000000000e+000 1.200000000e+000 1.200000000e+000 0.000000000e+000 0.000000000e+000 0.000000000e+000 5.691414523e-018 0.000000000e+000 0.000000000e+000 -5.091090229e-017 6.000000000e-001 6.000000000e-001 0.000000000e+000 
d 1.200000000e+000 1.200000000e+000 0.000000000e+000 1.200000000e+000 1.200000000e+000 0.000000000e+000 1.000000000e-002 1.000000000e-002 1.413393070e-005 0.000000000e+000 0.000000000e+000 -1.413393070e-005 6.000000000e-001 6.000000000e-001 0.000000000e+000 
d 1.200000000e+000 1.200000000e+000 0.000000000e+000 1.200000000e+000 1.200000000e+000 0.000000000e+000 2.000000000e-002 2.000000000e-002 2.779767109e-005 0.000000000e+000 0.000000000e+000 -2.779767109e-005 6.000000000e-001 6.000000000e-001 0.000000000e+000 
d 1.200000000e+000 1.200000000e+000 0.000000000e+000 1.200000000e+000 1.200000000e+000 0.000000000e+000 3.000000000e-002 3.000000000e-002 4.096842492e-005 0.000000000e+000 0.000000000e+000 -4.096842492e-005 6.000000000e-001 6.000000000e-001 0.000000000e+000 
d 1.200000000e+000 1.200000000e+000 0.000000000e+000 1.200000000e+000 1.200000000e+000 0.000000000e+000 4.000000000e-002 4.000000000e-002 5.363573594e-005 0.000000000e+000 0.000000000e+000 -5.363573594e-005 6.000000000e-001 6.000000000e-001 0.000000000e+000 
d 1.200000000e+000 1.200000000e+000 0.000000000e+000 1.200000000e+000 1.200000000e+000 0.000000000e+000 5.000000000e-002 5.000000000e-002 6.581196542e-005 0.000000000e+000 0.000000000e+000 -6.581196542e-005 6.000000000e-001 6.000000000e-001 0.000000000e+000 
d 1.200000000e+000 1.200000000e+000 0.000000000e+000 1.200000000e+000 1.200000000e+000 0.000000000e+000 6.000000000e-002 6.000000000e-002 7.752830471e-005 0.000000000e+000 0.000000000e+000 -7.752830471e-005 6.000000000e-001 6.000000000e-001 0.000000000e+000 
d 1.200000000e+000 1.200000000e+000 0.000000000e+000 1.200000000e+000 1.200000000e+000 0.000000000e+000 7.000000000e-002 7.000000000e-002 8.882494275e-005 0.000000000e+000 0.000000000e+000 -8.882494275e-005 6.000000000e-001 6.000000000e-001 0.000000000e+000 
d 1.200000000e+000 1.200000000e+000 0.000000000e+000 1.200000000e+000 1.200000000e+000 0.000000000e+000 8.000000000e-002 8.000000000e-002 9.974259880e-005 0.000000000e+000 0.000000000e+000 -9.974259880e-005 6.000000000e-001 6.000000000e-001 0.000000000e+000 
d 1.200000000e+000 1.200000000e+000 0.000000000e+000 1.200000000e+000 1.200000000e+000 0.000000000e+000 9.000000000e-002 9.000000000e-002 1.103187112e-004 0.000000000e+000 0.000000000e+000 -1.103187112e-004 6.000000000e-001 6.000000000e-001 0.000000000e+000 
d 1.200000000e+000 1.200000000e+000 0.000000000e+000 1.200000000e+000 1.200000000e+000 0.000000000e+000 1.000000000e-001 1.000000000e-001 1.205869504e-004 0.000000000e+000 0.000000000e+000 -1.205869504e-004 6.000000000e-001 6.000000000e-001 0.000000000e+000 
d 1.200000000e+000 1.200000000e+000 0.000000000e+000 1.200000000e+000 1.200000000e+000 0.000000000e+000 1.100000000e-001 1.100000000e-001 1.305778511e-004 0.000000000e+000 0.000000000e+000 -1.305778511e-004 6.000000000e-001 6.000000000e-001 0.000000000e+000 
d 1.200000000e+000 1.200000000e+000 0.000000000e+000 1.200000000e+000 1.200000000e+000 0.000000000e+000 1.200000000e-001 1.200000000e-001 1.403191443e-004 0.000000000e+000 0.000000000e+000 -1.403191443e-004 6.000000000e-001 6.000000000e-001 0.000000000e+000 
d 1.200000000e+000 1.200000000e+000 0.000000000e+000 1.200000000e+000 1.200000000e+000 0.000000000e+000 1.300000000e-001 1.300000000e-001 1.498357854e-004 0.000000000e+000 0.000000000e+000 -1.498357854e-004 6.000000000e-001 6.000000000e-001 0.000000000e+000 
d 1.200000000e+000 1.200000000e+000 0.000000000e+000 1.200000000e+000 1.200000000e+000 0.000000000e+000 1.400000000e-001 1.400000000e-001 1.591501350e-004 0.000000000e+000 0.000000000e+000 -1.591501350e-004 6.000000000e-001 6.000000000e-001 0.000000000e+000 
d 1.200000000e+000 1.200000000e+000 0.000000000e+000 1.200000000e+000 1.200000000e+000 0.000000000e+000 1.500000000e-001 1.500000000e-001 1.682820818e-004 0.000000000e+000 0.000000000e+000 -1.682820818e-004 6.000000000e-001 6.000000000e-001 0.000000000e+000 
d 1.200000000e+000 1.200000000e+000 0.000000000e+000 1.200000000e+000 1.200000000e+000 0.000000000e+000 1.600000000e-001 1.600000000e-001 1.772491719e-004 0.000000000e+000 0.000000000e+000 -1.772491719e-004 6.000000000e-001 6.000000000e-001 0.000000000e+000 
d 1.200000000e+000 1.200000000e+000 0.000000000e+000 1.200000000e+000 1.200000000e+000 0.000000000e+000 1.700000000e-001 1.700000000e-001 1.860667545e-004 0.000000000e+000 0.000000000e+000 -1.860667545e-004 6.000000000e-001 6.000000000e-001 0.000000000e+000 
d 1.200000000e+000 1.200000000e+000 0.000000000e+000 1.200000000e+000 1.200000000e+000 0.000000000e+000 1.800000000e-001 1.800000000e-001 1.947481078e-004 0.000000000e+000 0.000000000e+000 -1.947481078e-004 6.000000000e-001 6.000000000e-001 0.000000000e+000 
d 1.200000000e+000 1.200000000e+000 0.000000000e+000 1.200000000e+000 1.200000000e+000 0.000000000e+000 1.900000000e-001 1.900000000e-001 2.033044755e-004 0.000000000e+000 0.000000000e+000 -2.033044755e-004 6.000000000e-001 6.000000000e-001 0.000000000e+000 
d 1.200000000e+000 1.200000000e+000 0.000000000e+000 1.200000000e+000 1.200000000e+000 0.000000000e+000 2.000000000e-001 2.000000000e-001 2.117449136e-004 0.000000000e+000 0.000000000e+000 -2.117449136e-004 6.000000000e-001 6.000000000e-001 0.000000000e+000 
d 1.200000000e+000 1.200000000e+000 0.000000000e+000 1.200000000e+000 1.200000000e+000 0.000000000e+000 2.100000000e-001 2.100000000e-001 2.200757476e-004 0.000000000e+000 0.000000000e+000 -2.200757476e-004 6.000000000e-001 6.000000000e-001 0.000000000e+000 
d 1.200000000e+000 1.200000000e+000 0.000000000e+000 1.200000000e+000 1.200000000e+000 0.000000000e+000 2.200000000e-001 2.200000000e-001 2.282990970e-004 0.000000000e+000 0.000000000e+000 -2.282990970e-004 6.000000000e-001 6.000000000e-001 0.000000000e+000 
d 1.200000000e+000 1.200000000e+000 0.000000000e+000 1.200000000e+000 1.200000000e+000 0.000000000e+000 2.300000000e-001 2.300000000e-001 2.364089144e-004 0.000000000e+000 0.000000000e+000 -2.364089144e-004 6.000000000e-001 6.000000000e-001 0.000000000e+000 
d 1.200000000e+000 1.200000000e+000 0.000000000e+000 1.200000000e+000 1.200000000e+000 0.000000000e+000 2.400000000e-001 2.400000000e-001 2.443813494e-004 0.000000000e+000 0.000000000e+000 -2.443813494e-004 6.000000000e-001 6.000000000e-001 0.000000000e+000 
d 1.200000000e+000 1.200000000e+000 0.000000000e+000 1.200000000e+000 1.200000000e+000 0.000000000e+000 2.500000000e-001 2.500000000e-001 2.521670439e-004 0.000000000e+000 0.000000000e+000 -2.521670439e-004 6.000000000e-001 6.000000000e-001 0.000000000e+000 
d 1.200000000e+000 1.200000000e+000 0.000000000e+000 1.200000000e+000 1.200000000e+000 0.000000000e+000 2.600000000e-001 2.600000000e-001 2.597405849e-004 0.000000000e+000 0.000000000e+000 -2.597405849e-004 6.000000000e-001 6.000000000e-001 0.000000000e+000 
d 1.200000000e+000 1.200000000e+000 0.000000000e+000 1.200000000e+000 1.200000000e+000 0.000000000e+000 2.700000000e-001 2.700000000e-001 2.671503241e-004 0.000000000e+000 0.000000000e+000 -2.671503241e-004 6.000000000e-001 6.000000000e-001 0.000000000e+000 
d 1.200000000e+000 1.200000000e+000 0.000000000e+000 1.200000000e+000 1.200000000e+000 0.000000000e+000 2.800000000e-001 2.800000000e-001 2.744457036e-004 0.000000000e+000 0.000000000e+000 -2.744457036e-004 6.000000000e-001 6.000000000e-001 0.000000000e+000 
d 1.200000000e+000 1.200000000e+000 0.000000000e+000 1.200000000e+000 1.200000000e+000 0.000000000e+000 2.900000000e-001 2.900000000e-001 2.816434975e-004 0.000000000e+000 0.000000000e+000 -2.816434975e-004 6.000000000e-001 6.000000000e-001 0.000000000e+000 
d 1.200000000e+000 1.200000000e+000 0.000000000e+000 1.200000000e+000 1.200000000e+000 0.000000000e+000 3.000000000e-001 3.000000000e-001 2.887428459e-004 0.000000000e+000 0.000000000e+000 -2.887428459e-004 6.000000000e-001 6.000000000e-001 0.000000000e+000 
d 1.200000000e+000 1.200000000e+000 0.000000000e+000 1.200000000e+000 1.200000000e+000 0.000000000e+000 3.100000000e-001 3.100000000e-001 2.957419950e-004 0.000000000e+000 0.000000000e+000 -2.957419950e-004 6.000000000e-001 6.000000000e-001 0.000000000e+000 
d 1.200000000e+000 1.200000000e+000 0.000000000e+000 1.200000000e+000 1.200000000e+000 0.000000000e+000 3.200000000e-001 3.200000000e-001 3.026435686e-004 0.000000000e+000 0.000000000e+000 -3.026435686e-004 6.000000000e-001 6.000000000e-001 0.000000000e+000 
d 1.200000000e+000 1.200000000e+000 0.000000000e+000 1.200000000e+000 1.200000000e+000 0.000000000e+000 3.300000000e-001 3.300000000e-001 3.094455666e-004 0.000000000e+000 0.000000000e+000 -3.094455666e-004 6.000000000e-001 6.000000000e-001 0.000000000e+000 
d 1.200000000e+000 1.200000000e+000 0.000000000e+000 1.200000000e+000 1.200000000e+000 0.000000000e+000 3.400000000e-001 3.400000000e-001 3.161316670e-004 0.000000000e+000 0.000000000e+000 -3.161316670e-004 6.000000000e-001 6.000000000e-001 0.000000000e+000 
d 1.200000000e+000 1.200000000e+000 0.000000000e+000 1.200000000e+000 1.200000000e+000 0.000000000e+000 3.500000000e-001 3.500000000e-001 3.226668147e-004 0.000000000e+000 0.000000000e+000 -3.226668147e-004 6.000000000e-001 6.000000000e-001 0.000000000e+000 
d 1.200000000e+000 1.200000000e+000 0.000000000e+000 1.200000000e+000 1.200000000e+000 0.000000000e+000 3.600000000e-001 3.600000000e-001 3.290063096e-004 0.000000000e+000 0.000000000e+000 -3.290063096e-004 6.000000000e-001 6.000000000e-001 0.000000000e+000 
d 1.200000000e+000 1.200000000e+000 0.000000000e+000 1.200000000e+000 1.200000000e+000 0.000000000e+000 3.700000000e-001 3.700000000e-001 3.351310415e-004 0.000000000e+000 0.000000000e+000 -3.351310415e-004 6.000000000e-001 6.000000000e-001 0.000000000e+000 
d 1.200000000e+000 1.200000000e+000 0.000000000e+000 1.200000000e+000 1.200000000e+000 0.000000000e+000 3.800000000e-001 3.800000000e-001 3.410697208e-004 0.000000000e+000 0.000000000e+000 -3.410697208e-004 6.000000000e-001 6.000000000e-001 0.000000000e+000 
d 1.200000000e+000 1.200000000e+000 0.000000000e+000 1.200000000e+000 1.200000000e+000 0.000000000e+000 3.900000000e-001 3.900000000e-001 3.468695133e-004 0.000000000e+000 0.000000000e+000 -3.468695133e-004 6.000000000e-001 6.000000000e-001 0.000000000e+000 
d 1.200000000e+000 1.200000000e+000 0.000000000e+000 1.200000000e+000 1.200000000e+000 0.000000000e+000 4.000000000e-001 4.000000000e-001 3.525669455e-004 0.000000000e+000 0.000000000e+000 -3.525669455e-004 6.000000000e-001 6.000000000e-001 0.000000000e+000 
d 1.200000000e+000 1.200000000e+000 0.000000000e+000 1.200000000e+000 1.200000000e+000 0.000000000e+000 4.100000000e-001 4.100000000e-001 3.581843403e-004 0.000000000e+000 0.000000000e+000 -3.581843403e-004 6.000000000e-001 6.000000000e-001 0.000000000e+000 
d 1.200000000e+000 1.200000000e+000 0.000000000e+000 1.200000000e+000 1.200000000e+000 0.000000000e+000 4.200000000e-001 4.200000000e-001 3.637346388e-004 0.000000000e+000 0.000000000e+000 -3.637346388e-004 6.000000000e-001 6.000000000e-001 0.000000000e+000 
d 1.200000000e+000 1.200000000e+000 0.000000000e+000 1.200000000e+000 1.200000000e+000 0.000000000e+000 4.300000000e-001 4.300000000e-001 3.692253731e-004 0.000000000e+000 0.000000000e+000 -3.692253731e-004 6.000000000e-001 6.000000000e-001 0.000000000e+000 
d 1.200000000e+000 1.200000000e+000 0.000000000e+000 1.200000000e+000 1.200000000e+000 0.000000000e+000 4.400000000e-001 4.400000000e-001 3.746609253e-004 0.000000000e+000 0.000000000e+000 -3.746609253e-004 6.000000000e-001 6.000000000e-001 0.000000000e+000 
d 1.200000000e+000 1.200000000e+000 0.000000000e+000 1.200000000e+000 1.200000000e+000 0.000000000e+000 4.500000000e-001 4.500000000e-001 3.800437279e-004 0.000000000e+000 0.000000000e+000 -3.800437279e-004 6.000000000e-001 6.000000000e-001 0.000000000e+000 
d 1.200000000e+000 1.200000000e+000 0.000000000e+000 1.200000000e+000 1.200000000e+000 0.000000000e+000 4.600000000e-001 4.600000000e-001 3.853749021e-004 0.000000000e+000 0.000000000e+000 -3.853749021e-004 6.000000000e-001 6.000000000e-001 0.000000000e+000 
d 1.200000000e+000 1.200000000e+000 0.000000000e+000 1.200000000e+000 1.200000000e+000 0.000000000e+000 4.700000000e-001 4.700000000e-001 3.906546017e-004 0.000000000e+000 0.000000000e+000 -3.906546017e-004 6.000000000e-001 6.000000000e-001 0.000000000e+000 
d 1.200000000e+000 1.200000000e+000 0.000000000e+000 1.200000000e+000 1.200000000e+000 0.000000000e+000 4.800000000e-001 4.800000000e-001 3.958821970e-004 0.000000000e+000 0.000000000e+000 -3.958821970e-004 6.000000000e-001 6.000000000e-001 0.000000000e+000 
d 1.200000000e+000 1.200000000e+000 0.000000000e+000 1.200000000e+000 1.200000000e+000 0.000000000e+000 4.900000000e-001 4.900000000e-001 4.010563739e-004 0.000000000e+000 0.000000000e+000 -4.010563739e-004 6.000000000e-001 6.000000000e-001 0.000000000e+000 
d 1.200000000e+000 1.200000000e+000 0.000000000e+000 1.200000000e+000 1.200000000e+000 0.000000000e+000 5.000000000e-001 5.000000000e-001 4.061751910e-004 0.000000000e+000 0.000000000e+000 -4.061751910e-004 6.000000000e-001 6.000000000e-001 0.000000000e+000 
d 1.200000000e+000 1.200000000e+000 0.000000000e+000 1.200000000e+000 1.200000000e+000 0.000000000e+000 5.100000000e-001 5.100000000e-001 4.112361175e-004 0.000000000e+000 0.000000000e+000 -4.112361175e-004 6.000000000e-001 6.000000000e-001 0.000000000e+000 
d 1.200000000e+000 1.200000000e+000 0.000000000e+000 1.200000000e+000 1.200000000e+000 0.000000000e+000 5.200000000e-001 5.200000000e-001 4.162360443e-004 0.000000000e+000 0.000000000e+000 -4.162360443e-004 6.000000000e-001 6.000000000e-001 0.000000000e+000 
d 1.200000000e+000 1.200000000e+000 0.000000000e+000 1.200000000e+000 1.200000000e+000 0.000000000e+000 5.300000000e-001 5.300000000e-001 4.211712150e-004 0.000000000e+000 0.000000000e+000 -4.211712150e-004 6.000000000e-001 6.000000000e-001 0.000000000e+000 
d 1.200000000e+000 1.200000000e+000 0.000000000e+000 1.200000000e+000 1.200000000e+000 0.000000000e+000 5.400000000e-001 5.400000000e-001 4.260369426e-004 0.000000000e+000 0.000000000e+000 -4.260369426e-004 6.000000000e-001 6.000000000e-001 0.000000000e+000 
d 1.200000000e+000 1.200000000e+000 0.000000000e+000 1.200000000e+000 1.200000000e+000 0.000000000e+000 5.500000000e-001 5.500000000e-001 4.308268511e-004 0.000000000e+000 0.000000000e+000 -4.308268511e-004 6.000000000e-001 6.000000000e-001 0.000000000e+000 
d 1.200000000e+000 1.200000000e+000 0.000000000e+000 1.200000000e+000 1.200000000e+000 0.000000000e+000 5.600000000e-001 5.600000000e-001 4.355310338e-004 0.000000000e+000 0.000000000e+000 -4.355310338e-004 6.000000000e-001 6.000000000e-001 0.000000000e+000 
d 1.200000000e+000 1.200000000e+000 0.000000000e+000 1.200000000e+000 1.200000000e+000 0.000000000e+000 5.700000000e-001 5.700000000e-001 4.401312343e-004 0.000000000e+000 0.000000000e+000 -4.401312343e-004 6.000000000e-001 6.000000000e-001 0.000000000e+000 
d 1.200000000e+000 1.200000000e+000 0.000000000e+000 1.200000000e+000 1.200000000e+000 0.000000000e+000 5.800000000e-001 5.800000000e-001 4.445855810e-004 0.000000000e+000 0.000000000e+000 -4.445855810e-004 6.000000000e-001 6.000000000e-001 0.000000000e+000 
d 1.200000000e+000 1.200000000e+000 0.000000000e+000 1.200000000e+000 1.200000000e+000 0.000000000e+000 5.900000000e-001 5.900000000e-001 4.487676324e-004 0.000000000e+000 0.000000000e+000 -4.487676324e-004 6.000000000e-001 6.000000000e-001 0.000000000e+000 
d 1.200000000e+000 1.200000000e+000 0.000000000e+000 1.200000000e+000 1.200000000e+000 0.000000000e+000 6.000000000e-001 6.000000000e-001 4.522750376e-004 0.000000000e+000 0.000000000e+000 -4.522750376e-004 6.000000000e-001 6.000000000e-001 0.000000000e+000 
d 1.200000000e+000 1.200000000e+000 0.000000000e+000 1.200000000e+000 1.200000000e+000 0.000000000e+000 6.100000000e-001 6.100000000e-001 4.550593815e-004 0.000000000e+000 0.000000000e+000 -4.550593815e-004 6.000000000e-001 6.000000000e-001 0.000000000e+000 
d 1.200000000e+000 1.200000000e+000 0.000000000e+000 1.200000000e+000 1.200000000e+000 0.000000000e+000 6.200000000e-001 6.200000000e-001 4.578852298e-004 0.000000000e+000 0.000000000e+000 -4.578852298e-004 6.000000000e-001 6.000000000e-001 0.000000000e+000 
d 1.200000000e+000 1.200000000e+000 0.000000000e+000 1.200000000e+000 1.200000000e+000 0.000000000e+000 6.300000000e-001 6.300000000e-001 4.608558387e-004 0.000000000e+000 0.000000000e+000 -4.608558387e-004 6.000000000e-001 6.000000000e-001 0.000000000e+000 
d 1.200000000e+000 1.200000000e+000 0.000000000e+000 1.200000000e+000 1.200000000e+000 0.000000000e+000 6.400000000e-001 6.400000000e-001 4.639065193e-004 0.000000000e+000 0.000000000e+000 -4.639065193e-004 6.000000000e-001 6.000000000e-001 0.000000000e+000 
d 1.200000000e+000 1.200000000e+000 0.000000000e+000 1.200000000e+000 1.200000000e+000 0.000000000e+000 6.500000000e-001 6.500000000e-001 4.669904098e-004 0.000000000e+000 0.000000000e+000 -4.669904098e-004 6.000000000e-001 6.000000000e-001 0.000000000e+000 
d 1.200000000e+000 1.200000000e+000 0.000000000e+000 1.200000000e+000 1.200000000e+000 0.000000000e+000 6.600000000e-001 6.600000000e-001 4.700777907e-004 0.000000000e+000 0.000000000e+000 -4.700777907e-004 6.000000000e-001 6.000000000e-001 0.000000000e+000 
d 1.200000000e+000 1.200000000e+000 0.000000000e+000 1.200000000e+000 1.200000000e+000 0.000000000e+000 6.700000000e-001 6.700000000e-001 4.731487593e-004 0.000000000e+000 0.000000000e+000 -4.731487593e-004 6.000000000e-001 6.000000000e-001 0.000000000e+000 
d 1.200000000e+000 1.200000000e+000 0.000000000e+000 1.200000000e+000 1.200000000e+000 0.000000000e+000 6.800000000e-001 6.800000000e-001 4.761889716e-004 0.000000000e+000 0.000000000e+000 -4.761889716e-004 6.000000000e-001 6.000000000e-001 0.000000000e+000 
d 1.200000000e+000 1.200000000e+000 0.000000000e+000 1.200000000e+000 1.200000000e+000 0.000000000e+000 6.900000000e-001 6.900000000e-001 4.791874052e-004 0.000000000e+000 0.000000000e+000 -4.791874052e-004 6.000000000e-001 6.000000000e-001 0.000000000e+000 
d 1.200000000e+000 1.200000000e+000 0.000000000e+000 1.200000000e+000 1.200000000e+000 0.000000000e+000 7.000000000e-001 7.000000000e-001 4.821354710e-004 0.000000000e+000 0.000000000e+000 -4.821354710e-004 6.000000000e-001 6.000000000e-001 0.000000000e+000 
d 1.200000000e+000 1.200000000e+000 0.000000000e+000 1.200000000e+000 1.200000000e+000 0.000000000e+000 7.100000000e-001 7.100000000e-001 4.850272356e-004 0.000000000e+000 0.000000000e+000 -4.850272356e-004 6.000000000e-001 6.000000000e-001 0.000000000e+000 
d 1.200000000e+000 1.200000000e+000 0.000000000e+000 1.200000000e+000 1.200000000e+000 0.000000000e+000 7.200000000e-001 7.200000000e-001 4.878600590e-004 0.000000000e+000 0.000000000e+000 -4.878600590e-004 6.000000000e-001 6.000000000e-001 0.000000000e+000 
d 1.200000000e+000 1.200000000e+000 0.000000000e+000 1.200000000e+000 1.200000000e+000 0.000000000e+000 7.300000000e-001 7.300000000e-001 4.906343048e-004 0.000000000e+000 0.000000000e+000 -4.906343048e-004 6.000000000e-001 6.000000000e-001 0.000000000e+000 
d 1.200000000e+000 1.200000000e+000 0.000000000e+000 1.200000000e+000 1.200000000e+000 0.000000000e+000 7.400000000e-001 7.400000000e-001 4.933519158e-004 0.000000000e+000 0.000000000e+000 -4.933519158e-004 6.000000000e-001 6.000000000e-001 0.000000000e+000 
d 1.200000000e+000 1.200000000e+000 0.000000000e+000 1.200000000e+000 1.200000000e+000 0.000000000e+000 7.500000000e-001 7.500000000e-001 4.960150887e-004 0.000000000e+000 0.000000000e+000 -4.960150887e-004 6.000000000e-001 6.000000000e-001 0.000000000e+000 
d 1.200000000e+000 1.200000000e+000 0.000000000e+000 1.200000000e+000 1.200000000e+000 0.000000000e+000 7.600000000e-001 7.600000000e-001 4.986254832e-004 0.000000000e+000 0.000000000e+000 -4.986254832e-004 6.000000000e-001 6.000000000e-001 0.000000000e+000 
d 1.200000000e+000 1.200000000e+000 0.000000000e+000 1.200000000e+000 1.200000000e+000 0.000000000e+000 7.700000000e-001 7.700000000e-001 5.011838605e-004 0.000000000e+000 0.000000000e+000 -5.011838605e-004 6.000000000e-001 6.000000000e-001 0.000000000e+000 
d 1.200000000e+000 1.200000000e+000 0.000000000e+000 1.200000000e+000 1.200000000e+000 0.000000000e+000 7.800000000e-001 7.800000000e-001 5.036902378e-004 0.000000000e+000 0.000000000e+000 -5.036902378e-004 6.000000000e-001 6.000000000e-001 0.000000000e+000 
d 1.200000000e+000 1.200000000e+000 0.000000000e+000 1.200000000e+000 1.200000000e+000 0.000000000e+000 7.900000000e-001 7.900000000e-001 5.061442548e-004 0.000000000e+000 0.000000000e+000 -5.061442548e-004 6.000000000e-001 6.000000000e-001 0.000000000e+000 
d 1.200000000e+000 1.200000000e+000 0.000000000e+000 1.200000000e+000 1.200000000e+000 0.000000000e+000 8.000000000e-001 8.000000000e-001 5.085454470e-004 0.000000000e+000 0.000000000e+000 -5.085454470e-004 6.000000000e-001 6.000000000e-001 0.000000000e+000 
d 1.200000000e+000 1.200000000e+000 0.000000000e+000 1.200000000e+000 1.200000000e+000 0.000000000e+000 8.100000000e-001 8.100000000e-001 5.108933864e-004 0.000000000e+000 0.000000000e+000 -5.108933864e-004 6.000000000e-001 6.000000000e-001 0.000000000e+000 
d 1.200000000e+000 1.200000000e+000 0.000000000e+000 1.200000000e+000 1.200000000e+000 0.000000000e+000 8.200000000e-001 8.200000000e-001 5.131877374e-004 0.000000000e+000 0.000000000e+000 -5.131877374e-004 6.000000000e-001 6.000000000e-001 0.000000000e+000 
d 1.200000000e+000 1.200000000e+000 0.000000000e+000 1.200000000e+000 1.200000000e+000 0.000000000e+000 8.300000000e-001 8.300000000e-001 5.154282647e-004 0.000000000e+000 0.000000000e+000 -5.154282647e-004 6.000000000e-001 6.000000000e-001 0.000000000e+000 
d 1.200000000e+000 1.200000000e+000 0.000000000e+000 1.200000000e+000 1.200000000e+000 0.000000000e+000 8.400000000e-001 8.400000000e-001 5.176148097e-004 0.000000000e+000 0.000000000e+000 -5.176148097e-004 6.000000000e-001 6.000000000e-001 0.000000000e+000 
d 1.200000000e+000 1.200000000e+000 0.000000000e+000 1.200000000e+000 1.200000000e+000 0.000000000e+000 8.500000000e-001 8.500000000e-001 5.197472332e-004 0.000000000e+000 0.000000000e+000 -5.197472332e-004 6.000000000e-001 6.000000000e-001 0.000000000e+000 
d 1.200000000e+000 1.200000000e+000 0.000000000e+000 1.200000000e+000 1.200000000e+000 0.000000000e+000 8.600000000e-001 8.600000000e-001 5.218253014e-004 0.000000000e+000 0.000000000e+000 -5.218253014e-004 6.000000000e-001 6.000000000e-001 0.000000000e+000 
d 1.200000000e+000 1.200000000e+000 0.000000000e+000 1.200000000e+000 1.200000000e+000 0.000000000e+000 8.700000000e-001 8.700000000e-001 5.238484359e-004 0.000000000e+000 0.000000000e+000 -5.238484359e-004 6.000000000e-001 6.000000000e-001 0.000000000e+000 
d 1.200000000e+000 1.200000000e+000 0.000000000e+000 1.200000000e+000 1.200000000e+000 0.000000000e+000 8.800000000e-001 8.800000000e-001 5.258150731e-004 0.000000000e+000 0.000000000e+000 -5.258150731e-004 6.000000000e-001 6.000000000e-001 0.000000000e+000 
d 1.200000000e+000 1.200000000e+000 0.000000000e+000 1.200000000e+000 1.200000000e+000 0.000000000e+000 8.900000000e-001 8.900000000e-001 5.277207148e-004 0.000000000e+000 0.000000000e+000 -5.277207148e-004 6.000000000e-001 6.000000000e-001 0.000000000e+000 
d 1.200000000e+000 1.200000000e+000 0.000000000e+000 1.200000000e+000 1.200000000e+000 0.000000000e+000 9.000000000e-001 9.000000000e-001 5.295520059e-004 0.000000000e+000 0.000000000e+000 -5.295520059e-004 6.000000000e-001 6.000000000e-001 0.000000000e+000 
d 1.200000000e+000 1.200000000e+000 0.000000000e+000 1.200000000e+000 1.200000000e+000 0.000000000e+000 9.100000000e-001 9.100000000e-001 5.312835542e-004 0.000000000e+000 0.000000000e+000 -5.312835542e-004 6.000000000e-001 6.000000000e-001 0.000000000e+000 
d 1.200000000e+000 1.200000000e+000 0.000000000e+000 1.200000000e+000 1.200000000e+000 0.000000000e+000 9.200000000e-001 9.200000000e-001 5.329192926e-004 0.000000000e+000 0.000000000e+000 -5.329192926e-004 6.000000000e-001 6.000000000e-001 0.000000000e+000 
d 1.200000000e+000 1.200000000e+000 0.000000000e+000 1.200000000e+000 1.200000000e+000 0.000000000e+000 9.300000000e-001 9.300000000e-001 5.344926326e-004 0.000000000e+000 0.000000000e+000 -5.344926326e-004 6.000000000e-001 6.000000000e-001 0.000000000e+000 
d 1.200000000e+000 1.200000000e+000 0.000000000e+000 1.200000000e+000 1.200000000e+000 0.000000000e+000 9.400000000e-001 9.400000000e-001 5.360206294e-004 0.000000000e+000 0.000000000e+000 -5.360206294e-004 6.000000000e-001 6.000000000e-001 0.000000000e+000 
d 1.200000000e+000 1.200000000e+000 0.000000000e+000 1.200000000e+000 1.200000000e+000 0.000000000e+000 9.500000000e-001 9.500000000e-001 5.375089101e-004 0.000000000e+000 0.000000000e+000 -5.375089101e-004 6.000000000e-001 6.000000000e-001 0.000000000e+000 
d 1.200000000e+000 1.200000000e+000 0.000000000e+000 1.200000000e+000 1.200000000e+000 0.000000000e+000 9.600000000e-001 9.600000000e-001 5.389597881e-004 0.000000000e+000 0.000000000e+000 -5.389597881e-004 6.000000000e-001 6.000000000e-001 0.000000000e+000 
d 1.200000000e+000 1.200000000e+000 0.000000000e+000 1.200000000e+000 1.200000000e+000 0.000000000e+000 9.700000000e-001 9.700000000e-001 5.403747523e-004 0.000000000e+000 0.000000000e+000 -5.403747523e-004 6.000000000e-001 6.000000000e-001 0.000000000e+000 
d 1.200000000e+000 1.200000000e+000 0.000000000e+000 1.200000000e+000 1.200000000e+000 0.000000000e+000 9.800000000e-001 9.800000000e-001 5.417550960e-004 0.000000000e+000 0.000000000e+000 -5.417550960e-004 6.000000000e-001 6.000000000e-001 0.000000000e+000 
d 1.200000000e+000 1.200000000e+000 0.000000000e+000 1.200000000e+000 1.200000000e+000 0.000000000e+000 9.900000000e-001 9.900000000e-001 5.431019336e-004 0.000000000e+000 0.000000000e+000 -5.431019336e-004 6.000000000e-001 6.000000000e-001 0.000000000e+000 
d 1.200000000e+000 1.200000000e+000 0.000000000e+000 1.200000000e+000 1.200000000e+000 0.000000000e+000 1.000000000e+000 1.000000000e+000 5.444159969e-004 0.000000000e+000 0.000000000e+000 -5.444159969e-004 6.000000000e-001 6.000000000e-001 0.000000000e+000 
d 1.200000000e+000 1.200000000e+000 0.000000000e+000 1.200000000e+000 1.200000000e+000 0.000000000e+000 1.010000000e+000 1.010000000e+000 5.456976261e-004 0.000000000e+000 0.000000000e+000 -5.456976261e-004 6.000000000e-001 6.000000000e-001 0.000000000e+000 
d 1.200000000e+000 1.200000000e+000 0.000000000e+000 1.200000000e+000 1.200000000e+000 0.000000000e+000 1.020000000e+000 1.020000000e+000 5.469476899e-004 0.000000000e+000 0.000000000e+000 -5.469476899e-004 6.000000000e-001 6.000000000e-001 0.000000000e+000 
d 1.200000000e+000 1.200000000e+000 0.000000000e+000 1.200000000e+000 1.200000000e+000 0.000000000e+000 1.030000000e+000 1.030000000e+000 5.481685395e-004 0.000000000e+000 0.000000000e+000 -5.481685395e-004 6.000000000e-001 6.000000000e-001 0.000000000e+000 
d 1.200000000e+000 1.200000000e+000 0.000000000e+000 1.200000000e+000 1.200000000e+000 0.000000000e+000 1.040000000e+000 1.040000000e+000 5.493624911e-004 0.000000000e+000 0.000000000e+000 -5.493624911e-004 6.000000000e-001 6.000000000e-001 0.000000000e+000 
d 1.200000000e+000 1.200000000e+000 0.000000000e+000 1.200000000e+000 1.200000000e+000 0.000000000e+000 1.050000000e+000 1.050000000e+000 5.505299606e-004 0.000000000e+000 0.000000000e+000 -5.505299606e-004 6.000000000e-001 6.000000000e-001 0.000000000e+000 
d 1.200000000e+000 1.200000000e+000 0.000000000e+000 1.200000000e+000 1.200000000e+000 0.000000000e+000 1.060000000e+000 1.060000000e+000 5.516700170e-004 0.000000000e+000 0.000000000e+000 -5.516700170e-004 6.000000000e-001 6.000000000e-001 0.000000000e+000 
d 1.200000000e+000 1.200000000e+000 0.000000000e+000 1.200000000e+000 1.200000000e+000 0.000000000e+000 1.070000000e+000 1.070000000e+000 5.527835740e-004 0.000000000e+000 0.000000000e+000 -5.527835740e-004 6.000000000e-001 6.000000000e-001 0.000000000e+000 
d 1.200000000e+000 1.200000000e+000 0.000000000e+000 1.200000000e+000 1.200000000e+000 0.000000000e+000 1.080000000e+000 1.080000000e+000 5.538750842e-004 0.000000000e+000 0.000000000e+000 -5.538750842e-004 6.000000000e-001 6.000000000e-001 0.000000000e+000 
d 1.200000000e+000 1.200000000e+000 0.000000000e+000 1.200000000e+000 1.200000000e+000 0.000000000e+000 1.090000000e+000 1.090000000e+000 5.549491638e-004 0.000000000e+000 0.000000000e+000 -5.549491638e-004 6.000000000e-001 6.000000000e-001 0.000000000e+000 
d 1.200000000e+000 1.200000000e+000 0.000000000e+000 1.200000000e+000 1.200000000e+000 0.000000000e+000 1.100000000e+000 1.100000000e+000 5.560083365e-004 0.000000000e+000 0.000000000e+000 -5.560083365e-004 6.000000000e-001 6.000000000e-001 0.000000000e+000 
d 1.200000000e+000 1.200000000e+000 0.000000000e+000 1.200000000e+000 1.200000000e+000 0.000000000e+000 1.110000000e+000 1.110000000e+000 5.570535989e-004 0.000000000e+000 0.000000000e+000 -5.570535989e-004 6.000000000e-001 6.000000000e-001 0.000000000e+000 
d 1.200000000e+000 1.200000000e+000 0.000000000e+000 1.200000000e+000 1.200000000e+000 0.000000000e+000 1.120000000e+000 1.120000000e+000 5.580852292e-004 0.000000000e+000 0.000000000e+000 -5.580852292e-004 6.000000000e-001 6.000000000e-001 0.000000000e+000 
d 1.200000000e+000 1.200000000e+000 0.000000000e+000 1.200000000e+000 1.200000000e+000 0.000000000e+000 1.130000000e+000 1.130000000e+000 5.591031445e-004 0.000000000e+000 0.000000000e+000 -5.591031445e-004 6.000000000e-001 6.000000000e-001 0.000000000e+000 
d 1.200000000e+000 1.200000000e+000 0.000000000e+000 1.200000000e+000 1.200000000e+000 0.000000000e+000 1.140000000e+000 1.140000000e+000 5.601069817e-004 0.000000000e+000 0.000000000e+000 -5.601069817e-004 6.000000000e-001 6.000000000e-001 0.000000000e+000 
d 1.200000000e+000 1.200000000e+000 0.000000000e+000 1.200000000e+000 1.200000000e+000 0.000000000e+000 1.150000000e+000 1.150000000e+000 5.610960247e-004 0.000000000e+000 0.000000000e+000 -5.610960247e-004 6.000000000e-001 6.000000000e-001 0.000000000e+000 
d 1.200000000e+000 1.200000000e+000 0.000000000e+000 1.200000000e+000 1.200000000e+000 0.000000000e+000 1.160000000e+000 1.160000000e+000 5.620690279e-004 0.000000000e+000 0.000000000e+000 -5.620690279e-004 6.000000000e-001 6.000000000e-001 0.000000000e+000 
d 1.200000000e+000 1.200000000e+000 0.000000000e+000 1.200000000e+000 1.200000000e+000 0.000000000e+000 1.170000000e+000 1.170000000e+000 5.630241521e-004 0.000000000e+000 0.000000000e+000 -5.630241521e-004 6.000000000e-001 6.000000000e-001 0.000000000e+000 
d 1.200000000e+000 1.200000000e+000 0.000000000e+000 1.200000000e+000 1.200000000e+000 0.000000000e+000 1.180000000e+000 1.180000000e+000 5.639596307e-004 0.000000000e+000 0.000000000e+000 -5.639596307e-004 6.000000000e-001 6.000000000e-001 0.000000000e+000 
d 1.200000000e+000 1.200000000e+000 0.000000000e+000 1.200000000e+000 1.200000000e+000 0.000000000e+000 1.190000000e+000 1.190000000e+000 5.648751698e-004 0.000000000e+000 0.000000000e+000 -5.648751698e-004 6.000000000e-001 6.000000000e-001 0.000000000e+000 
d 1.200000000e+000 1.200000000e+000 0.000000000e+000 1.200000000e+000 1.200000000e+000 0.000000000e+000 1.200000000e+000 1.200000000e+000 5.657722116e-004 0.000000000e+000 0.000000000e+000 -5.657722116e-004 6.000000000e-001 6.000000000e-001 0.000000000e+000 
