v ATLAS
# This file was created by ATLAS version 5.28.1.R on Sun Dec 15 23:09:42 2024.
#SSF 2.0 generic
##############################################################################
#                    Copyright (c) 1984 - 2019                               #
#                    Silvaco Inc. All rights reserved                        #
#                                                                            #
# This file format and the following Key are copyright Silvaco Inc.          #
# You may not use, this format or key without reproducing this message in    #
# full and obtaining express written permission from Silvaco Inc.            #
#                                                                            #
# To obtain such permission please contact: Silvaco Inc.                     #
#                                           support@silvaco.com              #
#                                                                            #
# KEY=SVC86hn7562asdx                       PROD=345                         #
##############################################################################
y 3 700 711 15
z 0.01 0.0008 300
f 5 "gate" "well" "drain" "source" "bulk" 
p 15 2 601 20 3 602 21 4 603 22 5 604 23 6 605 24 
d 0.000000000e+000 0.000000000e+000 0.000000000e+000 0.000000000e+000 0.000000000e+000 0.000000000e+000 1.125000000e+000 1.125000000e+000 3.875884958e-004 0.000000000e+000 0.000000000e+000 -3.875884958e-004 6.000000000e-001 6.000000000e-001 0.000000000e+000 
d 0.000000000e+000 0.000000000e+000 0.000000000e+000 0.000000000e+000 0.000000000e+000 0.000000000e+000 1.050000000e+000 1.050000000e+000 2.827256330e-004 0.000000000e+000 0.000000000e+000 -2.827256330e-004 6.000000000e-001 6.000000000e-001 0.000000000e+000 
d 0.000000000e+000 0.000000000e+000 0.000000000e+000 0.000000000e+000 0.000000000e+000 0.000000000e+000 9.000000000e-001 9.000000000e-001 1.160476641e-004 0.000000000e+000 0.000000000e+000 -1.160476641e-004 6.000000000e-001 6.000000000e-001 0.000000000e+000 
d 0.000000000e+000 0.000000000e+000 0.000000000e+000 0.000000000e+000 0.000000000e+000 0.000000000e+000 6.000000000e-001 6.000000000e-001 7.884102488e-007 0.000000000e+000 0.000000000e+000 -7.884102489e-007 6.000000000e-001 6.000000000e-001 0.000000000e+000 
d 0.000000000e+000 0.000000000e+000 0.000000000e+000 0.000000000e+000 0.000000000e+000 0.000000000e+000 0.000000000e+000 0.000000000e+000 7.780069302e-018 0.000000000e+000 0.000000000e+000 3.879682044e-017 6.000000000e-001 6.000000000e-001 0.000000000e+000 
d 0.000000000e+000 0.000000000e+000 0.000000000e+000 0.000000000e+000 0.000000000e+000 0.000000000e+000 0.000000000e+000 0.000000000e+000 5.482549045e-018 0.000000000e+000 0.000000000e+000 -5.994433425e-017 6.000000000e-001 6.000000000e-001 0.000000000e+000 
d 0.000000000e+000 0.000000000e+000 0.000000000e+000 0.000000000e+000 0.000000000e+000 0.000000000e+000 0.000000000e+000 0.000000000e+000 6.996823760e-018 0.000000000e+000 0.000000000e+000 -3.132924255e-018 6.000000000e-001 6.000000000e-001 0.000000000e+000 
d 0.000000000e+000 0.000000000e+000 0.000000000e+000 0.000000000e+000 0.000000000e+000 0.000000000e+000 0.000000000e+000 0.000000000e+000 -1.618877204e-018 0.000000000e+000 0.000000000e+000 -4.532375079e-017 6.000000000e-001 6.000000000e-001 0.000000000e+000 
d 6.000000000e-001 6.000000000e-001 0.000000000e+000 0.000000000e+000 0.000000000e+000 0.000000000e+000 0.000000000e+000 0.000000000e+000 2.015534886e-017 0.000000000e+000 0.000000000e+000 3.273972159e-017 6.000000000e-001 6.000000000e-001 0.000000000e+000 
d 7.500000000e-001 7.500000000e-001 0.000000000e+000 0.000000000e+000 0.000000000e+000 0.000000000e+000 0.000000000e+000 0.000000000e+000 -7.310461485e-018 0.000000000e+000 0.000000000e+000 7.049267812e-018 6.000000000e-001 6.000000000e-001 0.000000000e+000 
d 8.250000000e-001 8.250000000e-001 0.000000000e+000 0.000000000e+000 0.000000000e+000 0.000000000e+000 0.000000000e+000 0.000000000e+000 1.054753688e-017 0.000000000e+000 0.000000000e+000 9.550379771e-017 6.000000000e-001 6.000000000e-001 0.000000000e+000 
d 9.000000000e-001 9.000000000e-001 0.000000000e+000 0.000000000e+000 0.000000000e+000 0.000000000e+000 0.000000000e+000 0.000000000e+000 3.535031238e-017 0.000000000e+000 0.000000000e+000 9.952445816e-017 6.000000000e-001 6.000000000e-001 0.000000000e+000 
d 1.050000000e+000 1.050000000e+000 0.000000000e+000 0.000000000e+000 0.000000000e+000 0.000000000e+000 0.000000000e+000 0.000000000e+000 -1.232323296e-017 0.000000000e+000 0.000000000e+000 1.293922215e-016 6.000000000e-001 6.000000000e-001 0.000000000e+000 
d 1.200000000e+000 1.200000000e+000 0.000000000e+000 0.000000000e+000 0.000000000e+000 0.000000000e+000 0.000000000e+000 0.000000000e+000 -1.368085856e-017 0.000000000e+000 0.000000000e+000 -9.555537680e-018 6.000000000e-001 6.000000000e-001 0.000000000e+000 
d 1.200000000e+000 1.200000000e+000 0.000000000e+000 0.000000000e+000 0.000000000e+000 0.000000000e+000 0.000000000e+000 0.000000000e+000 -1.514291691e-017 0.000000000e+000 0.000000000e+000 -1.043748041e-019 6.000000000e-001 6.000000000e-001 0.000000000e+000 
d 1.200000000e+000 1.200000000e+000 0.000000000e+000 0.000000000e+000 0.000000000e+000 0.000000000e+000 1.000000000e-002 1.000000000e-002 2.004278331e-014 0.000000000e+000 0.000000000e+000 -1.993542656e-014 6.000000000e-001 6.000000000e-001 0.000000000e+000 
d 1.200000000e+000 1.200000000e+000 0.000000000e+000 0.000000000e+000 0.000000000e+000 0.000000000e+000 2.000000000e-002 2.000000000e-002 3.424631462e-014 0.000000000e+000 0.000000000e+000 -3.418036546e-014 6.000000000e-001 6.000000000e-001 0.000000000e+000 
d 1.200000000e+000 1.200000000e+000 0.000000000e+000 0.000000000e+000 0.000000000e+000 0.000000000e+000 3.000000000e-002 3.000000000e-002 4.450051304e-014 0.000000000e+000 0.000000000e+000 -4.463679788e-014 6.000000000e-001 6.000000000e-001 0.000000000e+000 
d 1.200000000e+000 1.200000000e+000 0.000000000e+000 0.000000000e+000 0.000000000e+000 0.000000000e+000 4.000000000e-002 4.000000000e-002 5.193460978e-014 0.000000000e+000 0.000000000e+000 -5.186030600e-014 6.000000000e-001 6.000000000e-001 0.000000000e+000 
d 1.200000000e+000 1.200000000e+000 0.000000000e+000 0.000000000e+000 0.000000000e+000 0.000000000e+000 5.000000000e-002 5.000000000e-002 5.743696193e-014 0.000000000e+000 0.000000000e+000 -5.742704093e-014 6.000000000e-001 6.000000000e-001 0.000000000e+000 
d 1.200000000e+000 1.200000000e+000 0.000000000e+000 0.000000000e+000 0.000000000e+000 0.000000000e+000 6.000000000e-002 6.000000000e-002 6.162304384e-014 0.000000000e+000 0.000000000e+000 -6.168361494e-014 6.000000000e-001 6.000000000e-001 0.000000000e+000 
d 1.200000000e+000 1.200000000e+000 0.000000000e+000 0.000000000e+000 0.000000000e+000 0.000000000e+000 7.000000000e-002 7.000000000e-002 6.493319615e-014 0.000000000e+000 0.000000000e+000 -6.492431948e-014 6.000000000e-001 6.000000000e-001 0.000000000e+000 
d 1.200000000e+000 1.200000000e+000 0.000000000e+000 0.000000000e+000 0.000000000e+000 0.000000000e+000 8.000000000e-002 8.000000000e-002 6.758808524e-014 0.000000000e+000 0.000000000e+000 -6.761753538e-014 6.000000000e-001 6.000000000e-001 0.000000000e+000 
d 1.200000000e+000 1.200000000e+000 0.000000000e+000 0.000000000e+000 0.000000000e+000 0.000000000e+000 9.000000000e-002 9.000000000e-002 6.985223924e-014 0.000000000e+000 0.000000000e+000 -6.986137721e-014 6.000000000e-001 6.000000000e-001 0.000000000e+000 
d 1.200000000e+000 1.200000000e+000 0.000000000e+000 0.000000000e+000 0.000000000e+000 0.000000000e+000 1.000000000e-001 1.000000000e-001 7.173479601e-014 0.000000000e+000 0.000000000e+000 -7.169714811e-014 6.000000000e-001 6.000000000e-001 0.000000000e+000 
d 1.200000000e+000 1.200000000e+000 0.000000000e+000 0.000000000e+000 0.000000000e+000 0.000000000e+000 1.100000000e-001 1.100000000e-001 7.346848390e-014 0.000000000e+000 0.000000000e+000 -7.363886603e-014 6.000000000e-001 6.000000000e-001 0.000000000e+000 
d 1.200000000e+000 1.200000000e+000 0.000000000e+000 0.000000000e+000 0.000000000e+000 0.000000000e+000 1.200000000e-001 1.200000000e-001 7.510776461e-014 0.000000000e+000 0.000000000e+000 -7.504400853e-014 6.000000000e-001 6.000000000e-001 0.000000000e+000 
d 1.200000000e+000 1.200000000e+000 0.000000000e+000 0.000000000e+000 0.000000000e+000 0.000000000e+000 1.300000000e-001 1.300000000e-001 7.664569334e-014 0.000000000e+000 0.000000000e+000 -7.660564349e-014 6.000000000e-001 6.000000000e-001 0.000000000e+000 
d 1.200000000e+000 1.200000000e+000 0.000000000e+000 0.000000000e+000 0.000000000e+000 0.000000000e+000 1.400000000e-001 1.400000000e-001 7.812414762e-014 0.000000000e+000 0.000000000e+000 -7.814054368e-014 6.000000000e-001 6.000000000e-001 0.000000000e+000 
d 1.200000000e+000 1.200000000e+000 0.000000000e+000 0.000000000e+000 0.000000000e+000 0.000000000e+000 1.500000000e-001 1.500000000e-001 7.954411958e-014 0.000000000e+000 0.000000000e+000 -7.951378198e-014 6.000000000e-001 6.000000000e-001 0.000000000e+000 
d 1.200000000e+000 1.200000000e+000 0.000000000e+000 0.000000000e+000 0.000000000e+000 0.000000000e+000 1.600000000e-001 1.600000000e-001 8.096889543e-014 0.000000000e+000 0.000000000e+000 -8.091532155e-014 6.000000000e-001 6.000000000e-001 0.000000000e+000 
d 1.200000000e+000 1.200000000e+000 0.000000000e+000 0.000000000e+000 0.000000000e+000 0.000000000e+000 1.700000000e-001 1.700000000e-001 8.235816416e-014 0.000000000e+000 0.000000000e+000 -8.237362032e-014 6.000000000e-001 6.000000000e-001 0.000000000e+000 
d 1.200000000e+000 1.200000000e+000 0.000000000e+000 0.000000000e+000 0.000000000e+000 0.000000000e+000 1.800000000e-001 1.800000000e-001 8.375557864e-014 0.000000000e+000 0.000000000e+000 -8.391572636e-014 6.000000000e-001 6.000000000e-001 0.000000000e+000 
d 1.200000000e+000 1.200000000e+000 0.000000000e+000 0.000000000e+000 0.000000000e+000 0.000000000e+000 1.900000000e-001 1.900000000e-001 8.511748599e-014 0.000000000e+000 0.000000000e+000 -8.520954356e-014 6.000000000e-001 6.000000000e-001 0.000000000e+000 
d 1.200000000e+000 1.200000000e+000 0.000000000e+000 0.000000000e+000 0.000000000e+000 0.000000000e+000 2.000000000e-001 2.000000000e-001 8.655009430e-014 0.000000000e+000 0.000000000e+000 -8.651354295e-014 6.000000000e-001 6.000000000e-001 0.000000000e+000 
d 1.200000000e+000 1.200000000e+000 0.000000000e+000 0.000000000e+000 0.000000000e+000 0.000000000e+000 2.100000000e-001 2.100000000e-001 8.799570449e-014 0.000000000e+000 0.000000000e+000 -8.793711784e-014 6.000000000e-001 6.000000000e-001 0.000000000e+000 
d 1.200000000e+000 1.200000000e+000 0.000000000e+000 0.000000000e+000 0.000000000e+000 0.000000000e+000 2.200000000e-001 2.200000000e-001 8.938862836e-014 0.000000000e+000 0.000000000e+000 -8.936413900e-014 6.000000000e-001 6.000000000e-001 0.000000000e+000 
d 1.200000000e+000 1.200000000e+000 0.000000000e+000 0.000000000e+000 0.000000000e+000 0.000000000e+000 2.300000000e-001 2.300000000e-001 9.083653607e-014 0.000000000e+000 0.000000000e+000 -9.079131681e-014 6.000000000e-001 6.000000000e-001 0.000000000e+000 
d 1.200000000e+000 1.200000000e+000 0.000000000e+000 0.000000000e+000 0.000000000e+000 0.000000000e+000 2.400000000e-001 2.400000000e-001 9.222345506e-014 0.000000000e+000 0.000000000e+000 -9.226402729e-014 6.000000000e-001 6.000000000e-001 0.000000000e+000 
d 1.200000000e+000 1.200000000e+000 0.000000000e+000 0.000000000e+000 0.000000000e+000 0.000000000e+000 2.500000000e-001 2.500000000e-001 9.366379140e-014 0.000000000e+000 0.000000000e+000 -9.369580014e-014 6.000000000e-001 6.000000000e-001 0.000000000e+000 
d 1.200000000e+000 1.200000000e+000 0.000000000e+000 0.000000000e+000 0.000000000e+000 0.000000000e+000 2.600000000e-001 2.600000000e-001 9.512120249e-014 0.000000000e+000 0.000000000e+000 -9.511425782e-014 6.000000000e-001 6.000000000e-001 0.000000000e+000 
d 1.200000000e+000 1.200000000e+000 0.000000000e+000 0.000000000e+000 0.000000000e+000 0.000000000e+000 2.700000000e-001 2.700000000e-001 9.655845806e-014 0.000000000e+000 0.000000000e+000 -9.657474968e-014 6.000000000e-001 6.000000000e-001 0.000000000e+000 
d 1.200000000e+000 1.200000000e+000 0.000000000e+000 0.000000000e+000 0.000000000e+000 0.000000000e+000 2.800000000e-001 2.800000000e-001 9.802594690e-014 0.000000000e+000 0.000000000e+000 -9.808197518e-014 6.000000000e-001 6.000000000e-001 0.000000000e+000 
d 1.200000000e+000 1.200000000e+000 0.000000000e+000 0.000000000e+000 0.000000000e+000 0.000000000e+000 2.900000000e-001 2.900000000e-001 9.945798084e-014 0.000000000e+000 0.000000000e+000 -9.944289042e-014 6.000000000e-001 6.000000000e-001 0.000000000e+000 
d 1.200000000e+000 1.200000000e+000 0.000000000e+000 0.000000000e+000 0.000000000e+000 0.000000000e+000 3.000000000e-001 3.000000000e-001 1.009381060e-013 0.000000000e+000 0.000000000e+000 -1.008735145e-013 6.000000000e-001 6.000000000e-001 0.000000000e+000 
d 1.200000000e+000 1.200000000e+000 0.000000000e+000 0.000000000e+000 0.000000000e+000 0.000000000e+000 3.100000000e-001 3.100000000e-001 1.024011565e-013 0.000000000e+000 0.000000000e+000 -1.023343197e-013 6.000000000e-001 6.000000000e-001 0.000000000e+000 
d 1.200000000e+000 1.200000000e+000 0.000000000e+000 0.000000000e+000 0.000000000e+000 0.000000000e+000 3.200000000e-001 3.200000000e-001 1.038594553e-013 0.000000000e+000 0.000000000e+000 -1.038368457e-013 6.000000000e-001 6.000000000e-001 0.000000000e+000 
d 1.200000000e+000 1.200000000e+000 0.000000000e+000 0.000000000e+000 0.000000000e+000 0.000000000e+000 3.300000000e-001 3.300000000e-001 1.053250643e-013 0.000000000e+000 0.000000000e+000 -1.053194251e-013 6.000000000e-001 6.000000000e-001 0.000000000e+000 
d 1.200000000e+000 1.200000000e+000 0.000000000e+000 0.000000000e+000 0.000000000e+000 0.000000000e+000 3.400000000e-001 3.400000000e-001 1.067732331e-013 0.000000000e+000 0.000000000e+000 -1.068413756e-013 6.000000000e-001 6.000000000e-001 0.000000000e+000 
d 1.200000000e+000 1.200000000e+000 0.000000000e+000 0.000000000e+000 0.000000000e+000 0.000000000e+000 3.500000000e-001 3.500000000e-001 1.082468835e-013 0.000000000e+000 0.000000000e+000 -1.083177934e-013 6.000000000e-001 6.000000000e-001 0.000000000e+000 
d 1.200000000e+000 1.200000000e+000 0.000000000e+000 0.000000000e+000 0.000000000e+000 0.000000000e+000 3.600000000e-001 3.600000000e-001 1.096879509e-013 0.000000000e+000 0.000000000e+000 -1.097011617e-013 6.000000000e-001 6.000000000e-001 0.000000000e+000 
d 1.200000000e+000 1.200000000e+000 0.000000000e+000 0.000000000e+000 0.000000000e+000 0.000000000e+000 3.700000000e-001 3.700000000e-001 1.111563274e-013 0.000000000e+000 0.000000000e+000 -1.110891773e-013 6.000000000e-001 6.000000000e-001 0.000000000e+000 
d 1.200000000e+000 1.200000000e+000 0.000000000e+000 0.000000000e+000 0.000000000e+000 0.000000000e+000 3.800000000e-001 3.800000000e-001 1.126052794e-013 0.000000000e+000 0.000000000e+000 -1.126170282e-013 6.000000000e-001 6.000000000e-001 0.000000000e+000 
d 1.200000000e+000 1.200000000e+000 0.000000000e+000 0.000000000e+000 0.000000000e+000 0.000000000e+000 3.900000000e-001 3.900000000e-001 1.140545448e-013 0.000000000e+000 0.000000000e+000 -1.140192466e-013 6.000000000e-001 6.000000000e-001 0.000000000e+000 
d 1.200000000e+000 1.200000000e+000 0.000000000e+000 0.000000000e+000 0.000000000e+000 0.000000000e+000 4.000000000e-001 4.000000000e-001 1.154735246e-013 0.000000000e+000 0.000000000e+000 -1.155097629e-013 6.000000000e-001 6.000000000e-001 0.000000000e+000 
d 1.200000000e+000 1.200000000e+000 0.000000000e+000 0.000000000e+000 0.000000000e+000 0.000000000e+000 4.100000000e-001 4.100000000e-001 1.168995014e-013 0.000000000e+000 0.000000000e+000 -1.169648764e-013 6.000000000e-001 6.000000000e-001 0.000000000e+000 
d 1.200000000e+000 1.200000000e+000 0.000000000e+000 0.000000000e+000 0.000000000e+000 0.000000000e+000 4.200000000e-001 4.200000000e-001 1.182967071e-013 0.000000000e+000 0.000000000e+000 -1.183254784e-013 6.000000000e-001 6.000000000e-001 0.000000000e+000 
d 1.200000000e+000 1.200000000e+000 0.000000000e+000 0.000000000e+000 0.000000000e+000 0.000000000e+000 4.300000000e-001 4.300000000e-001 1.197130761e-013 0.000000000e+000 0.000000000e+000 -1.197018497e-013 6.000000000e-001 6.000000000e-001 0.000000000e+000 
d 1.200000000e+000 1.200000000e+000 0.000000000e+000 0.000000000e+000 0.000000000e+000 0.000000000e+000 4.400000000e-001 4.400000000e-001 1.210757145e-013 0.000000000e+000 0.000000000e+000 -1.210609895e-013 6.000000000e-001 6.000000000e-001 0.000000000e+000 
d 1.200000000e+000 1.200000000e+000 0.000000000e+000 0.000000000e+000 0.000000000e+000 0.000000000e+000 4.500000000e-001 4.500000000e-001 1.224234189e-013 0.000000000e+000 0.000000000e+000 -1.224389273e-013 6.000000000e-001 6.000000000e-001 0.000000000e+000 
d 1.200000000e+000 1.200000000e+000 0.000000000e+000 0.000000000e+000 0.000000000e+000 0.000000000e+000 4.600000000e-001 4.600000000e-001 1.237595314e-013 0.000000000e+000 0.000000000e+000 -1.237204215e-013 6.000000000e-001 6.000000000e-001 0.000000000e+000 
d 1.200000000e+000 1.200000000e+000 0.000000000e+000 0.000000000e+000 0.000000000e+000 0.000000000e+000 4.700000000e-001 4.700000000e-001 1.250634786e-013 0.000000000e+000 0.000000000e+000 -1.250617033e-013 6.000000000e-001 6.000000000e-001 0.000000000e+000 
d 1.200000000e+000 1.200000000e+000 0.000000000e+000 0.000000000e+000 0.000000000e+000 0.000000000e+000 4.800000000e-001 4.800000000e-001 1.263806365e-013 0.000000000e+000 0.000000000e+000 -1.263695667e-013 6.000000000e-001 6.000000000e-001 0.000000000e+000 
d 1.200000000e+000 1.200000000e+000 0.000000000e+000 0.000000000e+000 0.000000000e+000 0.000000000e+000 4.900000000e-001 4.900000000e-001 1.276495465e-013 0.000000000e+000 0.000000000e+000 -1.276034396e-013 6.000000000e-001 6.000000000e-001 0.000000000e+000 
d 1.200000000e+000 1.200000000e+000 0.000000000e+000 0.000000000e+000 0.000000000e+000 0.000000000e+000 5.000000000e-001 5.000000000e-001 1.289008596e-013 0.000000000e+000 0.000000000e+000 -1.289174645e-013 6.000000000e-001 6.000000000e-001 0.000000000e+000 
d 1.200000000e+000 1.200000000e+000 0.000000000e+000 0.000000000e+000 0.000000000e+000 0.000000000e+000 5.100000000e-001 5.100000000e-001 1.300850224e-013 0.000000000e+000 0.000000000e+000 -1.301422517e-013 6.000000000e-001 6.000000000e-001 0.000000000e+000 
d 1.200000000e+000 1.200000000e+000 0.000000000e+000 0.000000000e+000 0.000000000e+000 0.000000000e+000 5.200000000e-001 5.200000000e-001 1.313202006e-013 0.000000000e+000 0.000000000e+000 -1.313857845e-013 6.000000000e-001 6.000000000e-001 0.000000000e+000 
d 1.200000000e+000 1.200000000e+000 0.000000000e+000 0.000000000e+000 0.000000000e+000 0.000000000e+000 5.300000000e-001 5.300000000e-001 1.325055644e-013 0.000000000e+000 0.000000000e+000 -1.324905784e-013 6.000000000e-001 6.000000000e-001 0.000000000e+000 
d 1.200000000e+000 1.200000000e+000 0.000000000e+000 0.000000000e+000 0.000000000e+000 0.000000000e+000 5.400000000e-001 5.400000000e-001 1.336460744e-013 0.000000000e+000 0.000000000e+000 -1.335635726e-013 6.000000000e-001 6.000000000e-001 0.000000000e+000 
d 1.200000000e+000 1.200000000e+000 0.000000000e+000 0.000000000e+000 0.000000000e+000 0.000000000e+000 5.500000000e-001 5.500000000e-001 1.348001606e-013 0.000000000e+000 0.000000000e+000 -1.347988031e-013 6.000000000e-001 6.000000000e-001 0.000000000e+000 
d 1.200000000e+000 1.200000000e+000 0.000000000e+000 0.000000000e+000 0.000000000e+000 0.000000000e+000 5.600000000e-001 5.600000000e-001 1.359473542e-013 0.000000000e+000 0.000000000e+000 -1.358688209e-013 6.000000000e-001 6.000000000e-001 0.000000000e+000 
d 1.200000000e+000 1.200000000e+000 0.000000000e+000 0.000000000e+000 0.000000000e+000 0.000000000e+000 5.700000000e-001 5.700000000e-001 1.370776820e-013 0.000000000e+000 0.000000000e+000 -1.371079153e-013 6.000000000e-001 6.000000000e-001 0.000000000e+000 
d 1.200000000e+000 1.200000000e+000 0.000000000e+000 0.000000000e+000 0.000000000e+000 0.000000000e+000 5.800000000e-001 5.800000000e-001 1.381703095e-013 0.000000000e+000 0.000000000e+000 -1.381474388e-013 6.000000000e-001 6.000000000e-001 0.000000000e+000 
d 1.200000000e+000 1.200000000e+000 0.000000000e+000 0.000000000e+000 0.000000000e+000 0.000000000e+000 5.900000000e-001 5.900000000e-001 1.392960944e-013 0.000000000e+000 0.000000000e+000 -1.393534281e-013 6.000000000e-001 6.000000000e-001 0.000000000e+000 
d 1.200000000e+000 1.200000000e+000 0.000000000e+000 0.000000000e+000 0.000000000e+000 0.000000000e+000 6.000000000e-001 6.000000000e-001 1.404062666e-013 0.000000000e+000 0.000000000e+000 -1.403304486e-013 6.000000000e-001 6.000000000e-001 0.000000000e+000 
d 1.200000000e+000 1.200000000e+000 0.000000000e+000 0.000000000e+000 0.000000000e+000 0.000000000e+000 6.100000000e-001 6.100000000e-001 1.415624937e-013 0.000000000e+000 0.000000000e+000 -1.414878766e-013 6.000000000e-001 6.000000000e-001 0.000000000e+000 
d 1.200000000e+000 1.200000000e+000 0.000000000e+000 0.000000000e+000 0.000000000e+000 0.000000000e+000 6.200000000e-001 6.200000000e-001 1.426915683e-013 0.000000000e+000 0.000000000e+000 -1.427325060e-013 6.000000000e-001 6.000000000e-001 0.000000000e+000 
d 1.200000000e+000 1.200000000e+000 0.000000000e+000 0.000000000e+000 0.000000000e+000 0.000000000e+000 6.300000000e-001 6.300000000e-001 1.438232537e-013 0.000000000e+000 0.000000000e+000 -1.438198075e-013 6.000000000e-001 6.000000000e-001 0.000000000e+000 
d 1.200000000e+000 1.200000000e+000 0.000000000e+000 0.000000000e+000 0.000000000e+000 0.000000000e+000 6.400000000e-001 6.400000000e-001 1.449247580e-013 0.000000000e+000 0.000000000e+000 -1.448407419e-013 6.000000000e-001 6.000000000e-001 0.000000000e+000 
d 1.200000000e+000 1.200000000e+000 0.000000000e+000 0.000000000e+000 0.000000000e+000 0.000000000e+000 6.500000000e-001 6.500000000e-001 1.460781654e-013 0.000000000e+000 0.000000000e+000 -1.459563447e-013 6.000000000e-001 6.000000000e-001 0.000000000e+000 
d 1.200000000e+000 1.200000000e+000 0.000000000e+000 0.000000000e+000 0.000000000e+000 0.000000000e+000 6.600000000e-001 6.600000000e-001 1.472235836e-013 0.000000000e+000 0.000000000e+000 -1.473121427e-013 6.000000000e-001 6.000000000e-001 0.000000000e+000 
d 1.200000000e+000 1.200000000e+000 0.000000000e+000 0.000000000e+000 0.000000000e+000 0.000000000e+000 6.700000000e-001 6.700000000e-001 1.483511439e-013 0.000000000e+000 0.000000000e+000 -1.483405441e-013 6.000000000e-001 6.000000000e-001 0.000000000e+000 
d 1.200000000e+000 1.200000000e+000 0.000000000e+000 0.000000000e+000 0.000000000e+000 0.000000000e+000 6.800000000e-001 6.800000000e-001 1.495239758e-013 0.000000000e+000 0.000000000e+000 -1.495186498e-013 6.000000000e-001 6.000000000e-001 0.000000000e+000 
d 1.200000000e+000 1.200000000e+000 0.000000000e+000 0.000000000e+000 0.000000000e+000 0.000000000e+000 6.900000000e-001 6.900000000e-001 1.506577498e-013 0.000000000e+000 0.000000000e+000 -1.506052725e-013 6.000000000e-001 6.000000000e-001 0.000000000e+000 
d 1.200000000e+000 1.200000000e+000 0.000000000e+000 0.000000000e+000 0.000000000e+000 0.000000000e+000 7.000000000e-001 7.000000000e-001 1.518581519e-013 0.000000000e+000 0.000000000e+000 -1.518906828e-013 6.000000000e-001 6.000000000e-001 0.000000000e+000 
d 1.200000000e+000 1.200000000e+000 0.000000000e+000 0.000000000e+000 0.000000000e+000 0.000000000e+000 7.100000000e-001 7.100000000e-001 1.530364665e-013 0.000000000e+000 0.000000000e+000 -1.530718693e-013 6.000000000e-001 6.000000000e-001 0.000000000e+000 
d 1.200000000e+000 1.200000000e+000 0.000000000e+000 0.000000000e+000 0.000000000e+000 0.000000000e+000 7.200000000e-001 7.200000000e-001 1.542325347e-013 0.000000000e+000 0.000000000e+000 -1.543234435e-013 6.000000000e-001 6.000000000e-001 0.000000000e+000 
d 1.200000000e+000 1.200000000e+000 0.000000000e+000 0.000000000e+000 0.000000000e+000 0.000000000e+000 7.300000000e-001 7.300000000e-001 1.553833835e-013 0.000000000e+000 0.000000000e+000 -1.554634313e-013 6.000000000e-001 6.000000000e-001 0.000000000e+000 
d 1.200000000e+000 1.200000000e+000 0.000000000e+000 0.000000000e+000 0.000000000e+000 0.000000000e+000 7.400000000e-001 7.400000000e-001 1.566366286e-013 0.000000000e+000 0.000000000e+000 -1.566287440e-013 6.000000000e-001 6.000000000e-001 0.000000000e+000 
d 1.200000000e+000 1.200000000e+000 0.000000000e+000 0.000000000e+000 0.000000000e+000 0.000000000e+000 7.500000000e-001 7.500000000e-001 1.578510247e-013 0.000000000e+000 0.000000000e+000 -1.578078941e-013 6.000000000e-001 6.000000000e-001 0.000000000e+000 
d 1.200000000e+000 1.200000000e+000 0.000000000e+000 0.000000000e+000 0.000000000e+000 0.000000000e+000 7.600000000e-001 7.600000000e-001 1.590955496e-013 0.000000000e+000 0.000000000e+000 -1.591772161e-013 6.000000000e-001 6.000000000e-001 0.000000000e+000 
d 1.200000000e+000 1.200000000e+000 0.000000000e+000 0.000000000e+000 0.000000000e+000 0.000000000e+000 7.700000000e-001 7.700000000e-001 1.602801302e-013 0.000000000e+000 0.000000000e+000 -1.603793936e-013 6.000000000e-001 6.000000000e-001 0.000000000e+000 
d 1.200000000e+000 1.200000000e+000 0.000000000e+000 0.000000000e+000 0.000000000e+000 0.000000000e+000 7.800000000e-001 7.800000000e-001 1.615456461e-013 0.000000000e+000 0.000000000e+000 -1.615099302e-013 6.000000000e-001 6.000000000e-001 0.000000000e+000 
d 1.200000000e+000 1.200000000e+000 0.000000000e+000 0.000000000e+000 0.000000000e+000 0.000000000e+000 7.900000000e-001 7.900000000e-001 1.627842706e-013 0.000000000e+000 0.000000000e+000 -1.628047917e-013 6.000000000e-001 6.000000000e-001 0.000000000e+000 
d 1.200000000e+000 1.200000000e+000 0.000000000e+000 0.000000000e+000 0.000000000e+000 0.000000000e+000 8.000000000e-001 8.000000000e-001 1.640761558e-013 0.000000000e+000 0.000000000e+000 -1.640152716e-013 6.000000000e-001 6.000000000e-001 0.000000000e+000 
d 1.200000000e+000 1.200000000e+000 0.000000000e+000 0.000000000e+000 0.000000000e+000 0.000000000e+000 8.100000000e-001 8.100000000e-001 1.652789599e-013 0.000000000e+000 0.000000000e+000 -1.653073657e-013 6.000000000e-001 6.000000000e-001 0.000000000e+000 
d 1.200000000e+000 1.200000000e+000 0.000000000e+000 0.000000000e+000 0.000000000e+000 0.000000000e+000 8.200000000e-001 8.200000000e-001 1.666040547e-013 0.000000000e+000 0.000000000e+000 -1.666386220e-013 6.000000000e-001 6.000000000e-001 0.000000000e+000 
d 1.200000000e+000 1.200000000e+000 0.000000000e+000 0.000000000e+000 0.000000000e+000 0.000000000e+000 8.300000000e-001 8.300000000e-001 1.679006393e-013 0.000000000e+000 0.000000000e+000 -1.678722860e-013 6.000000000e-001 6.000000000e-001 0.000000000e+000 
d 1.200000000e+000 1.200000000e+000 0.000000000e+000 0.000000000e+000 0.000000000e+000 0.000000000e+000 8.400000000e-001 8.400000000e-001 1.692202514e-013 0.000000000e+000 0.000000000e+000 -1.691635968e-013 6.000000000e-001 6.000000000e-001 0.000000000e+000 
d 1.200000000e+000 1.200000000e+000 0.000000000e+000 0.000000000e+000 0.000000000e+000 0.000000000e+000 8.500000000e-001 8.500000000e-001 1.704884826e-013 0.000000000e+000 0.000000000e+000 -1.704761075e-013 6.000000000e-001 6.000000000e-001 0.000000000e+000 
d 1.200000000e+000 1.200000000e+000 0.000000000e+000 0.000000000e+000 0.000000000e+000 0.000000000e+000 8.600000000e-001 8.600000000e-001 1.718445940e-013 0.000000000e+000 0.000000000e+000 -1.718301823e-013 6.000000000e-001 6.000000000e-001 0.000000000e+000 
d 1.200000000e+000 1.200000000e+000 0.000000000e+000 0.000000000e+000 0.000000000e+000 0.000000000e+000 8.700000000e-001 8.700000000e-001 1.732160569e-013 0.000000000e+000 0.000000000e+000 -1.733090021e-013 6.000000000e-001 6.000000000e-001 0.000000000e+000 
d 1.200000000e+000 1.200000000e+000 0.000000000e+000 0.000000000e+000 0.000000000e+000 0.000000000e+000 8.800000000e-001 8.800000000e-001 1.745792174e-013 0.000000000e+000 0.000000000e+000 -1.744024651e-013 6.000000000e-001 6.000000000e-001 0.000000000e+000 
d 1.200000000e+000 1.200000000e+000 0.000000000e+000 0.000000000e+000 0.000000000e+000 0.000000000e+000 8.900000000e-001 8.900000000e-001 1.759821146e-013 0.000000000e+000 0.000000000e+000 -1.760882184e-013 6.000000000e-001 6.000000000e-001 0.000000000e+000 
d 1.200000000e+000 1.200000000e+000 0.000000000e+000 0.000000000e+000 0.000000000e+000 0.000000000e+000 9.000000000e-001 9.000000000e-001 1.773612534e-013 0.000000000e+000 0.000000000e+000 -1.773935232e-013 6.000000000e-001 6.000000000e-001 0.000000000e+000 
d 1.200000000e+000 1.200000000e+000 0.000000000e+000 0.000000000e+000 0.000000000e+000 0.000000000e+000 9.100000000e-001 9.100000000e-001 1.788186123e-013 0.000000000e+000 0.000000000e+000 -1.787786146e-013 6.000000000e-001 6.000000000e-001 0.000000000e+000 
d 1.200000000e+000 1.200000000e+000 0.000000000e+000 0.000000000e+000 0.000000000e+000 0.000000000e+000 9.200000000e-001 9.200000000e-001 1.803416593e-013 0.000000000e+000 0.000000000e+000 -1.803424427e-013 6.000000000e-001 6.000000000e-001 0.000000000e+000 
d 1.200000000e+000 1.200000000e+000 0.000000000e+000 0.000000000e+000 0.000000000e+000 0.000000000e+000 9.300000000e-001 9.300000000e-001 1.818392248e-013 0.000000000e+000 0.000000000e+000 -1.817685762e-013 6.000000000e-001 6.000000000e-001 0.000000000e+000 
d 1.200000000e+000 1.200000000e+000 0.000000000e+000 0.000000000e+000 0.000000000e+000 0.000000000e+000 9.400000000e-001 9.400000000e-001 1.834194488e-013 0.000000000e+000 0.000000000e+000 -1.834537028e-013 6.000000000e-001 6.000000000e-001 0.000000000e+000 
d 1.200000000e+000 1.200000000e+000 0.000000000e+000 0.000000000e+000 0.000000000e+000 0.000000000e+000 9.500000000e-001 9.500000000e-001 1.851004504e-013 0.000000000e+000 0.000000000e+000 -1.850348145e-013 6.000000000e-001 6.000000000e-001 0.000000000e+000 
d 1.200000000e+000 1.200000000e+000 0.000000000e+000 0.000000000e+000 0.000000000e+000 0.000000000e+000 9.600000000e-001 9.600000000e-001 1.868285511e-013 0.000000000e+000 0.000000000e+000 -1.868603510e-013 6.000000000e-001 6.000000000e-001 0.000000000e+000 
d 1.200000000e+000 1.200000000e+000 0.000000000e+000 0.000000000e+000 0.000000000e+000 0.000000000e+000 9.700000000e-001 9.700000000e-001 1.887029621e-013 0.000000000e+000 0.000000000e+000 -1.886598837e-013 6.000000000e-001 6.000000000e-001 0.000000000e+000 
d 1.200000000e+000 1.200000000e+000 0.000000000e+000 0.000000000e+000 0.000000000e+000 0.000000000e+000 9.800000000e-001 9.800000000e-001 1.907319858e-013 0.000000000e+000 0.000000000e+000 -1.907367376e-013 6.000000000e-001 6.000000000e-001 0.000000000e+000 
d 1.200000000e+000 1.200000000e+000 0.000000000e+000 0.000000000e+000 0.000000000e+000 0.000000000e+000 9.900000000e-001 9.900000000e-001 1.929063277e-013 0.000000000e+000 0.000000000e+000 -1.929809450e-013 6.000000000e-001 6.000000000e-001 0.000000000e+000 
d 1.200000000e+000 1.200000000e+000 0.000000000e+000 0.000000000e+000 0.000000000e+000 0.000000000e+000 1.000000000e+000 1.000000000e+000 1.954035233e-013 0.000000000e+000 0.000000000e+000 -1.954238356e-013 6.000000000e-001 6.000000000e-001 0.000000000e+000 
d 1.200000000e+000 1.200000000e+000 0.000000000e+000 0.000000000e+000 0.000000000e+000 0.000000000e+000 1.010000000e+000 1.010000000e+000 1.982910885e-013 0.000000000e+000 0.000000000e+000 -1.982638317e-013 6.000000000e-001 6.000000000e-001 0.000000000e+000 
d 1.200000000e+000 1.200000000e+000 0.000000000e+000 0.000000000e+000 0.000000000e+000 0.000000000e+000 1.020000000e+000 1.020000000e+000 2.014999933e-013 0.000000000e+000 0.000000000e+000 -2.015404089e-013 6.000000000e-001 6.000000000e-001 0.000000000e+000 
d 1.200000000e+000 1.200000000e+000 0.000000000e+000 0.000000000e+000 0.000000000e+000 0.000000000e+000 1.030000000e+000 1.030000000e+000 2.052636970e-013 0.000000000e+000 0.000000000e+000 -2.052004631e-013 6.000000000e-001 6.000000000e-001 0.000000000e+000 
d 1.200000000e+000 1.200000000e+000 0.000000000e+000 0.000000000e+000 0.000000000e+000 0.000000000e+000 1.040000000e+000 1.040000000e+000 2.094444529e-013 0.000000000e+000 0.000000000e+000 -2.094796468e-013 6.000000000e-001 6.000000000e-001 0.000000000e+000 
d 1.200000000e+000 1.200000000e+000 0.000000000e+000 0.000000000e+000 0.000000000e+000 0.000000000e+000 1.050000000e+000 1.050000000e+000 2.143928415e-013 0.000000000e+000 0.000000000e+000 -2.144030761e-013 6.000000000e-001 6.000000000e-001 0.000000000e+000 
d 1.200000000e+000 1.200000000e+000 0.000000000e+000 0.000000000e+000 0.000000000e+000 0.000000000e+000 1.060000000e+000 1.060000000e+000 2.204169397e-013 0.000000000e+000 0.000000000e+000 -2.203418526e-013 6.000000000e-001 6.000000000e-001 0.000000000e+000 
d 1.200000000e+000 1.200000000e+000 0.000000000e+000 0.000000000e+000 0.000000000e+000 0.000000000e+000 1.070000000e+000 1.070000000e+000 2.276730308e-013 0.000000000e+000 0.000000000e+000 -2.276332420e-013 6.000000000e-001 6.000000000e-001 0.000000000e+000 
d 1.200000000e+000 1.200000000e+000 0.000000000e+000 0.000000000e+000 0.000000000e+000 0.000000000e+000 1.080000000e+000 1.080000000e+000 2.366671438e-013 0.000000000e+000 0.000000000e+000 -2.366710079e-013 6.000000000e-001 6.000000000e-001 0.000000000e+000 
d 1.200000000e+000 1.200000000e+000 0.000000000e+000 0.000000000e+000 0.000000000e+000 0.000000000e+000 1.090000000e+000 1.090000000e+000 2.478659363e-013 0.000000000e+000 0.000000000e+000 -2.476948756e-013 6.000000000e-001 6.000000000e-001 0.000000000e+000 
d 1.200000000e+000 1.200000000e+000 0.000000000e+000 0.000000000e+000 0.000000000e+000 0.000000000e+000 1.100000000e+000 1.100000000e+000 2.618674425e-013 0.000000000e+000 0.000000000e+000 -2.618737608e-013 6.000000000e-001 6.000000000e-001 0.000000000e+000 
d 1.200000000e+000 1.200000000e+000 0.000000000e+000 0.000000000e+000 0.000000000e+000 0.000000000e+000 1.110000000e+000 1.110000000e+000 2.795056622e-013 0.000000000e+000 0.000000000e+000 -2.795999650e-013 6.000000000e-001 6.000000000e-001 0.000000000e+000 
d 1.200000000e+000 1.200000000e+000 0.000000000e+000 0.000000000e+000 0.000000000e+000 0.000000000e+000 1.120000000e+000 1.120000000e+000 3.021217728e-013 0.000000000e+000 0.000000000e+000 -3.020384356e-013 6.000000000e-001 6.000000000e-001 0.000000000e+000 
d 1.200000000e+000 1.200000000e+000 0.000000000e+000 0.000000000e+000 0.000000000e+000 0.000000000e+000 1.130000000e+000 1.130000000e+000 3.311106824e-013 0.000000000e+000 0.000000000e+000 -3.311503147e-013 6.000000000e-001 6.000000000e-001 0.000000000e+000 
d 1.200000000e+000 1.200000000e+000 0.000000000e+000 0.000000000e+000 0.000000000e+000 0.000000000e+000 1.140000000e+000 1.140000000e+000 3.686444876e-013 0.000000000e+000 0.000000000e+000 -3.686626590e-013 6.000000000e-001 6.000000000e-001 0.000000000e+000 
d 1.200000000e+000 1.200000000e+000 0.000000000e+000 0.000000000e+000 0.000000000e+000 0.000000000e+000 1.150000000e+000 1.150000000e+000 4.148348270e-013 0.000000000e+000 0.000000000e+000 -4.149388421e-013 6.000000000e-001 6.000000000e-001 0.000000000e+000 
d 1.200000000e+000 1.200000000e+000 0.000000000e+000 0.000000000e+000 0.000000000e+000 0.000000000e+000 1.160000000e+000 1.160000000e+000 4.740350836e-013 0.000000000e+000 0.000000000e+000 -4.741122595e-013 6.000000000e-001 6.000000000e-001 0.000000000e+000 
d 1.200000000e+000 1.200000000e+000 0.000000000e+000 0.000000000e+000 0.000000000e+000 0.000000000e+000 1.170000000e+000 1.170000000e+000 5.500479670e-013 0.000000000e+000 0.000000000e+000 -5.500723521e-013 6.000000000e-001 6.000000000e-001 0.000000000e+000 
d 1.200000000e+000 1.200000000e+000 0.000000000e+000 0.000000000e+000 0.000000000e+000 0.000000000e+000 1.180000000e+000 1.180000000e+000 6.478644742e-013 0.000000000e+000 0.000000000e+000 -6.477937211e-013 6.000000000e-001 6.000000000e-001 0.000000000e+000 
d 1.200000000e+000 1.200000000e+000 0.000000000e+000 0.000000000e+000 0.000000000e+000 0.000000000e+000 1.190000000e+000 1.190000000e+000 7.738439847e-013 0.000000000e+000 0.000000000e+000 -7.737837793e-013 6.000000000e-001 6.000000000e-001 0.000000000e+000 
d 1.200000000e+000 1.200000000e+000 0.000000000e+000 0.000000000e+000 0.000000000e+000 0.000000000e+000 1.200000000e+000 1.200000000e+000 9.365944193e-013 0.000000000e+000 0.000000000e+000 -9.365065914e-013 6.000000000e-001 6.000000000e-001 0.000000000e+000 
